<html>
<body>
<pre>
<h1>µVision Build Log</h1>
<h2>Tool Versions:</h2>
IDE-Version: µVision V5.29.0.0
Copyright (C) 2019 ARM Ltd and ARM Germany GmbH. All rights reserved.
License Information: Ahmet Alp, Boun, LIC=----
 
Tool Versions:
Toolchain:       MDK-Lite  Version: 5.29.0.0
Toolchain Path:  C:\Keil_v5\ARM\ARMCC\Bin
C Compiler:      Armcc.exe V5.06 update 6 (build 750)
Assembler:       Armasm.exe V5.06 update 6 (build 750)
Linker/Locator:  ArmLink.exe V5.06 update 6 (build 750)
Library Manager: ArmAr.exe V5.06 update 6 (build 750)
Hex Converter:   FromElf.exe V5.06 update 6 (build 750)
CPU DLL:         SARMCM3.DLL V5.29.0.0
Dialog DLL:      DCM.DLL V1.17.3.0
Target DLL:      CMSIS_AGDI.dll V1.32.0.0
Dialog DLL:      TCM.DLL V1.36.5.0
 
<h2>Project:</h2>
C:\Users\Ahmet\Desktop\cmpe443-final-project\LAB_011.uvprojx
Project File Date:  12/28/2019

<h2>Output:</h2>
*** Using Compiler 'V5.06 update 6 (build 750)', folder: 'C:\Keil_v5\ARM\ARMCC\Bin'
Rebuild target 'NXP LPC4088'
compiling HM10.c...
compiling Serial.c...
compiling GPIO.c...
compiling Wait.c...
compiling ADC.c...
compiling main.c...
Library/PWM.h(48): warning:  #1295-D: Deprecated declaration PWM0_Set_ClockWise - give arg types
  void PWM0_Set_ClockWise();
Library/PWM.h(49): warning:  #1295-D: Deprecated declaration PWM0_Set_CounterClockWise - give arg types
  void PWM0_Set_CounterClockWise();
Library/PWM.h(50): warning:  #1295-D: Deprecated declaration PWM0_Stop - give arg types
  void PWM0_Stop();
main.c: 3 warnings, 0 errors
compiling Ultrasonic.c...
assembling startup_LPC407x_8x_177x_8x.s...
compiling Timer.c...
compiling PWM.c...
Library\PWM.h(48): warning:  #1295-D: Deprecated declaration PWM0_Set_ClockWise - give arg types
  void PWM0_Set_ClockWise();
Library\PWM.h(49): warning:  #1295-D: Deprecated declaration PWM0_Set_CounterClockWise - give arg types
  void PWM0_Set_CounterClockWise();
Library\PWM.h(50): warning:  #1295-D: Deprecated declaration PWM0_Stop - give arg types
  void PWM0_Stop();
Library\PWM.c: 3 warnings, 0 errors
compiling system_LPC407x_8x_177x_8x.c...
linking...
Program Size: Code=3136 RO-data=260 RW-data=64 ZI-data=1296  
".\Objects\LAB_011.axf" - 0 Error(s), 6 Warning(s).

<h2>Software Packages used:</h2>

Package Vendor: ARM
                http://www.keil.com/pack/ARM.CMSIS.5.6.0.pack
                ARM.CMSIS.5.6.0
                CMSIS (Cortex Microcontroller Software Interface Standard)
   * Component: CORE Version: 5.3.0

Package Vendor: Keil
                http://www.keil.com/pack/Keil.LPC4000_DFP.2.1.0.pack
                Keil.LPC4000_DFP.2.1.0
                NXP LPC4000 Series Device Support
   * Component: Startup Version: 1.0.1

<h2>Collection of Component include folders:</h2>
  .\RTE\Device\LPC4088FET208
  .\RTE\_NXP_LPC4088
  C:\Users\Ahmet\AppData\Local\Arm\Packs\ARM\CMSIS\5.6.0\CMSIS\Core\Include
  C:\Users\Ahmet\AppData\Local\Arm\Packs\Keil\LPC4000_DFP\2.1.0\Device\Include

<h2>Collection of Component Files used:</h2>

   * Component: ARM::CMSIS:CORE:5.3.0

   * Component: Keil::Device:Startup:1.0.1
      Include file:  Device\Include\LPC407x_8x_177x_8x.h
      Include file:  RTE_Driver\Config\RTE_Device.h
      Source file:   Device\Source\system_LPC407x_8x_177x_8x.c
      Include file:  Device\Include\system_LPC407x_8x_177x_8x.h
      Source file:   Device\Source\ARM\startup_LPC407x_8x_177x_8x.s
Build Time Elapsed:  00:00:00
</pre>
</body>
</html>
