Component: ARM Compiler 5.06 update 6 (build 750) Tool: armlink [4d35ed]

==============================================================================

Section Cross References

    main.o(i.ADC_update) refers to adc.o(i.ADC_GetLastValue_L) for ADC_GetLastValue_L
    main.o(i.ADC_update) refers to adc.o(i.ADC_GetLastValue_R) for ADC_GetLastValue_R
    main.o(i.ADC_update) refers to motor.o(i.Motor_Stop) for Motor_Stop
    main.o(i.ADC_update) refers to motor.o(i.Motor_Set_Speed) for Motor_Set_Speed
    main.o(i.ADC_update) refers to motor.o(i.Motor_Run) for Motor_Run
    main.o(i.ADC_update) refers to led.o(i.Led_Front) for Led_Front
    main.o(i.ADC_update) refers to led.o(i.Led_Rotate) for Led_Rotate
    main.o(i.ADC_update) refers to led.o(i.Led_Back) for Led_Back
    main.o(i.ADC_update) refers to adc.o(i.ADC_GetLastValue_P) for ADC_GetLastValue_P
    main.o(i.ADC_update) refers to adc.o(.data) for ADC_New_Data_Available_L
    main.o(i.ADC_update) refers to main.o(.data) for left_ldr
    main.o(i.Communication_Update) refers to hm10.o(i.HM10_ClearBuffer) for HM10_ClearBuffer
    main.o(i.Communication_Update) refers to strstr.o(.text) for strstr
    main.o(i.Communication_Update) refers to hm10.o(i.HM10_SendCommand) for HM10_SendCommand
    main.o(i.Communication_Update) refers to motor.o(i.Motor_Stop) for Motor_Stop
    main.o(i.Communication_Update) refers to motor.o(i.Motor_Drive) for Motor_Drive
    main.o(i.Communication_Update) refers to motor.o(i.Motor_Rotate) for Motor_Rotate
    main.o(i.Communication_Update) refers to motor.o(i.Motor_Drive_Back) for Motor_Drive_Back
    main.o(i.Communication_Update) refers to printf3.o(i.__0sprintf$3) for __2sprintf
    main.o(i.Communication_Update) refers to hm10.o(.data) for HM10NewDataAvailable
    main.o(i.Communication_Update) refers to hm10.o(.bss) for HM10Buffer
    main.o(i.Communication_Update) refers to main.o(.bss) for incoming_message
    main.o(i.Communication_Update) refers to main.o(.data) for isTestMode
    main.o(i.Communication_Update) refers to main.o(.conststring) for .conststring
    main.o(i.init) refers to serial.o(i.Serial_Init) for Serial_Init
    main.o(i.init) refers to hm10.o(i.HM10_Init) for HM10_Init
    main.o(i.init) refers to main.o(i.ultrasonic_init) for ultrasonic_init
    main.o(i.init) refers to timer.o(i.Timer0_Init) for Timer0_Init
    main.o(i.init) refers to adc.o(i.ADC_Init) for ADC_Init
    main.o(i.init) refers to adc.o(i.ADC_Start) for ADC_Start
    main.o(i.init) refers to motor.o(i.Motor_Init) for Motor_Init
    main.o(i.init) refers to led.o(i.Led_Init) for Led_Init
    main.o(i.init) refers to motor.o(i.Motor_Stop) for Motor_Stop
    main.o(i.init) refers to external.o(i.External_Init) for External_Init
    main.o(i.itoa) refers to main.o(.bss) for c
    main.o(i.main) refers to main.o(i.init) for init
    main.o(i.main) refers to main.o(i.update) for update
    main.o(i.ultrasonic_init) refers to ultrasonic.o(i.Ultrasonic_Init) for Ultrasonic_Init
    main.o(i.ultrasonic_init) refers to ultrasonic.o(i.Ultrasonic_Trigger_Timer_Init) for Ultrasonic_Trigger_Timer_Init
    main.o(i.ultrasonic_init) refers to ultrasonic.o(i.Ultrasonic_Capture_Timer_Init) for Ultrasonic_Capture_Timer_Init
    main.o(i.ultrasonic_init) refers to ultrasonic.o(i.Ultrasonic_Start_Trigger_Timer) for Ultrasonic_Start_Trigger_Timer
    main.o(i.ultrasonic_update) refers to ultrasonic.o(.data) for ultrasonicSensorNewDataAvailable
    main.o(i.ultrasonic_update) refers to main.o(.data) for dist
    main.o(i.update) refers to main.o(i.ultrasonic_update) for ultrasonic_update
    main.o(i.update) refers to main.o(i.ADC_update) for ADC_update
    main.o(i.update) refers to main.o(i.Communication_Update) for Communication_Update
    serial.o(i.Serial_WriteData) refers to serial.o(.data) for serialTransmitCompleted
    serial.o(i.UART0_IRQHandler) refers to serial.o(i.Serial_ReadData) for Serial_ReadData
    serial.o(i.UART0_IRQHandler) refers to serial.o(i.Serial_WriteData) for Serial_WriteData
    serial.o(i.UART0_IRQHandler) refers to serial.o(.data) for serialReceivedCharacter
    hm10.o(i.HM10_ClearBuffer) refers to hm10.o(.data) for HM10BufferHead
    hm10.o(i.HM10_ClearBuffer) refers to hm10.o(.bss) for HM10Buffer
    hm10.o(i.HM10_SendCommand) refers to hm10.o(i.HM10_Write) for HM10_Write
    hm10.o(i.HM10_Write) refers to hm10.o(i.HM10_WriteData) for HM10_WriteData
    hm10.o(i.UART3_IRQHandler) refers to hm10.o(i.HM10_ReadData) for HM10_ReadData
    hm10.o(i.UART3_IRQHandler) refers to hm10.o(.data) for HM10BufferTail
    hm10.o(i.UART3_IRQHandler) refers to hm10.o(.bss) for HM10Buffer
    gpio.o(i.LED1_Init) refers to gpio.o(i.GPIO_DIR_Write) for GPIO_DIR_Write
    gpio.o(i.LED1_Off) refers to gpio.o(i.GPIO_PIN_Write) for GPIO_PIN_Write
    gpio.o(i.LED1_On) refers to gpio.o(i.GPIO_PIN_Write) for GPIO_PIN_Write
    gpio.o(i.LED2_Init) refers to gpio.o(i.GPIO_DIR_Write) for GPIO_DIR_Write
    gpio.o(i.LED2_Off) refers to gpio.o(i.GPIO_PIN_Write) for GPIO_PIN_Write
    gpio.o(i.LED2_On) refers to gpio.o(i.GPIO_PIN_Write) for GPIO_PIN_Write
    gpio.o(i.LED3_Init) refers to gpio.o(i.GPIO_DIR_Write) for GPIO_DIR_Write
    gpio.o(i.LED3_Off) refers to gpio.o(i.GPIO_PIN_Write) for GPIO_PIN_Write
    gpio.o(i.LED3_On) refers to gpio.o(i.GPIO_PIN_Write) for GPIO_PIN_Write
    gpio.o(i.LED4_Init) refers to gpio.o(i.GPIO_DIR_Write) for GPIO_DIR_Write
    gpio.o(i.LED4_Off) refers to gpio.o(i.GPIO_PIN_Write) for GPIO_PIN_Write
    gpio.o(i.LED4_On) refers to gpio.o(i.GPIO_PIN_Write) for GPIO_PIN_Write
    ultrasonic.o(i.TIMER2_IRQHandler) refers to ultrasonic.o(.data) for ultrasonicSensorTriggerStart
    ultrasonic.o(i.TIMER3_IRQHandler) refers to ultrasonic.o(.data) for ultrasonicSensorCaptureRisingEdge
    ultrasonic.o(i.Ultrasonic_Capture_Timer_Init) refers to ultrasonic.o(i.__NVIC_EnableIRQ) for __NVIC_EnableIRQ
    ultrasonic.o(i.Ultrasonic_Trigger_Timer_Init) refers to ultrasonic.o(i.__NVIC_EnableIRQ) for __NVIC_EnableIRQ
    adc.o(i.ADC_GetLastValue_L) refers to adc.o(.data) for ADC_New_Data_Available_L
    adc.o(i.ADC_GetLastValue_P) refers to adc.o(.data) for ADC_New_Data_Available_P
    adc.o(i.ADC_GetLastValue_R) refers to adc.o(.data) for ADC_New_Data_Available_R
    adc.o(i.ADC_IRQHandler) refers to adc.o(.data) for ADC_Last_R
    motor.o(i.Motor_Drive) refers to motor.o(i.Motor_Run) for Motor_Run
    motor.o(i.Motor_Drive) refers to motor.o(i.Motor_Set_Speed) for Motor_Set_Speed
    motor.o(i.Motor_Drive) refers to led.o(i.Led_Front) for Led_Front
    motor.o(i.Motor_Drive_Back) refers to motor.o(i.Motor_Run) for Motor_Run
    motor.o(i.Motor_Drive_Back) refers to motor.o(i.Motor_Set_Speed) for Motor_Set_Speed
    motor.o(i.Motor_Drive_Back) refers to led.o(i.Led_Back) for Led_Back
    motor.o(i.Motor_Init) refers to gpio.o(i.GPIO_DIR_Write) for GPIO_DIR_Write
    motor.o(i.Motor_Init) refers to motor.o(i.Motor_Set_Rate) for Motor_Set_Rate
    motor.o(i.Motor_Init) refers to motor.o(i.Motor_Set_Speed) for Motor_Set_Speed
    motor.o(i.Motor_Rotate) refers to motor.o(i.Motor_Run) for Motor_Run
    motor.o(i.Motor_Rotate) refers to motor.o(i.Motor_Set_Speed) for Motor_Set_Speed
    motor.o(i.Motor_Rotate) refers to led.o(i.Led_Rotate) for Led_Rotate
    motor.o(i.Motor_Run) refers to gpio.o(i.GPIO_PIN_Write) for GPIO_PIN_Write
    motor.o(i.Motor_Stop) refers to gpio.o(i.GPIO_PIN_Write) for GPIO_PIN_Write
    motor.o(i.Motor_Stop) refers to led.o(i.Led_Stop) for Led_Stop
    external.o(i.EINT0_IRQHandler) refers to main.o(.data) for rotation_counter
    startup_lpc407x_8x_177x_8x.o(RESET) refers to startup_lpc407x_8x_177x_8x.o(STACK) for __initial_sp
    startup_lpc407x_8x_177x_8x.o(RESET) refers to startup_lpc407x_8x_177x_8x.o(.text) for Reset_Handler
    startup_lpc407x_8x_177x_8x.o(RESET) refers to ultrasonic.o(i.TIMER2_IRQHandler) for TIMER2_IRQHandler
    startup_lpc407x_8x_177x_8x.o(RESET) refers to ultrasonic.o(i.TIMER3_IRQHandler) for TIMER3_IRQHandler
    startup_lpc407x_8x_177x_8x.o(RESET) refers to serial.o(i.UART0_IRQHandler) for UART0_IRQHandler
    startup_lpc407x_8x_177x_8x.o(RESET) refers to hm10.o(i.UART3_IRQHandler) for UART3_IRQHandler
    startup_lpc407x_8x_177x_8x.o(RESET) refers to external.o(i.EINT0_IRQHandler) for EINT0_IRQHandler
    startup_lpc407x_8x_177x_8x.o(RESET) refers to adc.o(i.ADC_IRQHandler) for ADC_IRQHandler
    startup_lpc407x_8x_177x_8x.o(.text) refers to system_lpc407x_8x_177x_8x.o(i.SystemInit) for SystemInit
    startup_lpc407x_8x_177x_8x.o(.text) refers to entry.o(.ARM.Collect$$$$00000000) for __main
    system_lpc407x_8x_177x_8x.o(i.SystemCoreClockUpdate) refers to system_lpc407x_8x_177x_8x.o(.data) for SystemCoreClock
    system_lpc407x_8x_177x_8x.o(i.SystemInit) refers to system_lpc407x_8x_177x_8x.o(i.fpu_init) for fpu_init
    system_lpc407x_8x_177x_8x.o(i.SystemInit) refers to system_lpc407x_8x_177x_8x.o(i.SystemCoreClockUpdate) for SystemCoreClockUpdate
    entry.o(.ARM.Collect$$$$00000000) refers (Special) to entry10a.o(.ARM.Collect$$$$0000000D) for __rt_final_cpp
    entry.o(.ARM.Collect$$$$00000000) refers (Special) to entry11a.o(.ARM.Collect$$$$0000000F) for __rt_final_exit
    entry.o(.ARM.Collect$$$$00000000) refers (Special) to entry7b.o(.ARM.Collect$$$$00000008) for _main_clock
    entry.o(.ARM.Collect$$$$00000000) refers (Special) to entry8b.o(.ARM.Collect$$$$0000000A) for _main_cpp_init
    entry.o(.ARM.Collect$$$$00000000) refers (Special) to entry9a.o(.ARM.Collect$$$$0000000B) for _main_init
    entry.o(.ARM.Collect$$$$00000000) refers (Special) to entry5.o(.ARM.Collect$$$$00000004) for _main_scatterload
    entry.o(.ARM.Collect$$$$00000000) refers (Special) to entry2.o(.ARM.Collect$$$$00000001) for _main_stk
    printfb.o(i.__0fprintf$bare) refers to printfb.o(i._printf_core) for _printf_core
    printfb.o(i.__0fprintf$bare) refers to fputc.o(i.fputc) for fputc
    printfb.o(i.__0printf$bare) refers to printfb.o(i._printf_core) for _printf_core
    printfb.o(i.__0printf$bare) refers to fputc.o(i.fputc) for fputc
    printfb.o(i.__0printf$bare) refers to stdout.o(.data) for __stdout
    printfb.o(i.__0snprintf$bare) refers to printfb.o(i._printf_core) for _printf_core
    printfb.o(i.__0snprintf$bare) refers to printfb.o(i._snputc) for _snputc
    printfb.o(i.__0sprintf$bare) refers to printfb.o(i._printf_core) for _printf_core
    printfb.o(i.__0sprintf$bare) refers to printfb.o(i._sputc) for _sputc
    printfb.o(i.__0vfprintf$bare) refers to printfb.o(i._printf_core) for _printf_core
    printfb.o(i.__0vfprintf$bare) refers to fputc.o(i.fputc) for fputc
    printfb.o(i.__0vprintf$bare) refers to printfb.o(i._printf_core) for _printf_core
    printfb.o(i.__0vprintf$bare) refers to fputc.o(i.fputc) for fputc
    printfb.o(i.__0vprintf$bare) refers to stdout.o(.data) for __stdout
    printfb.o(i.__0vsnprintf$bare) refers to printfb.o(i._printf_core) for _printf_core
    printfb.o(i.__0vsnprintf$bare) refers to printfb.o(i._snputc) for _snputc
    printfb.o(i.__0vsprintf$bare) refers to printfb.o(i._printf_core) for _printf_core
    printfb.o(i.__0vsprintf$bare) refers to printfb.o(i._sputc) for _sputc
    printf0.o(i.__0fprintf$0) refers to printf0.o(i._printf_core) for _printf_core
    printf0.o(i.__0fprintf$0) refers to fputc.o(i.fputc) for fputc
    printf0.o(i.__0printf$0) refers to printf0.o(i._printf_core) for _printf_core
    printf0.o(i.__0printf$0) refers to fputc.o(i.fputc) for fputc
    printf0.o(i.__0printf$0) refers to stdout.o(.data) for __stdout
    printf0.o(i.__0snprintf$0) refers to printf0.o(i._printf_core) for _printf_core
    printf0.o(i.__0snprintf$0) refers to printf0.o(i._snputc) for _snputc
    printf0.o(i.__0sprintf$0) refers to printf0.o(i._printf_core) for _printf_core
    printf0.o(i.__0sprintf$0) refers to printf0.o(i._sputc) for _sputc
    printf0.o(i.__0vfprintf$0) refers to printf0.o(i._printf_core) for _printf_core
    printf0.o(i.__0vfprintf$0) refers to fputc.o(i.fputc) for fputc
    printf0.o(i.__0vprintf$0) refers to printf0.o(i._printf_core) for _printf_core
    printf0.o(i.__0vprintf$0) refers to fputc.o(i.fputc) for fputc
    printf0.o(i.__0vprintf$0) refers to stdout.o(.data) for __stdout
    printf0.o(i.__0vsnprintf$0) refers to printf0.o(i._printf_core) for _printf_core
    printf0.o(i.__0vsnprintf$0) refers to printf0.o(i._snputc) for _snputc
    printf0.o(i.__0vsprintf$0) refers to printf0.o(i._printf_core) for _printf_core
    printf0.o(i.__0vsprintf$0) refers to printf0.o(i._sputc) for _sputc
    printf1.o(i.__0fprintf$1) refers to printf1.o(i._printf_core) for _printf_core
    printf1.o(i.__0fprintf$1) refers to fputc.o(i.fputc) for fputc
    printf1.o(i.__0printf$1) refers to printf1.o(i._printf_core) for _printf_core
    printf1.o(i.__0printf$1) refers to fputc.o(i.fputc) for fputc
    printf1.o(i.__0printf$1) refers to stdout.o(.data) for __stdout
    printf1.o(i.__0snprintf$1) refers to printf1.o(i._printf_core) for _printf_core
    printf1.o(i.__0snprintf$1) refers to printf1.o(i._snputc) for _snputc
    printf1.o(i.__0sprintf$1) refers to printf1.o(i._printf_core) for _printf_core
    printf1.o(i.__0sprintf$1) refers to printf1.o(i._sputc) for _sputc
    printf1.o(i.__0vfprintf$1) refers to printf1.o(i._printf_core) for _printf_core
    printf1.o(i.__0vfprintf$1) refers to fputc.o(i.fputc) for fputc
    printf1.o(i.__0vprintf$1) refers to printf1.o(i._printf_core) for _printf_core
    printf1.o(i.__0vprintf$1) refers to fputc.o(i.fputc) for fputc
    printf1.o(i.__0vprintf$1) refers to stdout.o(.data) for __stdout
    printf1.o(i.__0vsnprintf$1) refers to printf1.o(i._printf_core) for _printf_core
    printf1.o(i.__0vsnprintf$1) refers to printf1.o(i._snputc) for _snputc
    printf1.o(i.__0vsprintf$1) refers to printf1.o(i._printf_core) for _printf_core
    printf1.o(i.__0vsprintf$1) refers to printf1.o(i._sputc) for _sputc
    printf1.o(i._printf_core) refers to uidiv.o(.text) for __aeabi_uidivmod
    printf2.o(i.__0fprintf$2) refers to printf2.o(i._printf_core) for _printf_core
    printf2.o(i.__0fprintf$2) refers to fputc.o(i.fputc) for fputc
    printf2.o(i.__0printf$2) refers to printf2.o(i._printf_core) for _printf_core
    printf2.o(i.__0printf$2) refers to fputc.o(i.fputc) for fputc
    printf2.o(i.__0printf$2) refers to stdout.o(.data) for __stdout
    printf2.o(i.__0snprintf$2) refers to printf2.o(i._printf_core) for _printf_core
    printf2.o(i.__0snprintf$2) refers to printf2.o(i._snputc) for _snputc
    printf2.o(i.__0sprintf$2) refers to printf2.o(i._printf_core) for _printf_core
    printf2.o(i.__0sprintf$2) refers to printf2.o(i._sputc) for _sputc
    printf2.o(i.__0vfprintf$2) refers to printf2.o(i._printf_core) for _printf_core
    printf2.o(i.__0vfprintf$2) refers to fputc.o(i.fputc) for fputc
    printf2.o(i.__0vprintf$2) refers to printf2.o(i._printf_core) for _printf_core
    printf2.o(i.__0vprintf$2) refers to fputc.o(i.fputc) for fputc
    printf2.o(i.__0vprintf$2) refers to stdout.o(.data) for __stdout
    printf2.o(i.__0vsnprintf$2) refers to printf2.o(i._printf_core) for _printf_core
    printf2.o(i.__0vsnprintf$2) refers to printf2.o(i._snputc) for _snputc
    printf2.o(i.__0vsprintf$2) refers to printf2.o(i._printf_core) for _printf_core
    printf2.o(i.__0vsprintf$2) refers to printf2.o(i._sputc) for _sputc
    printf3.o(i.__0fprintf$3) refers to printf3.o(i._printf_core) for _printf_core
    printf3.o(i.__0fprintf$3) refers to fputc.o(i.fputc) for fputc
    printf3.o(i.__0printf$3) refers to printf3.o(i._printf_core) for _printf_core
    printf3.o(i.__0printf$3) refers to fputc.o(i.fputc) for fputc
    printf3.o(i.__0printf$3) refers to stdout.o(.data) for __stdout
    printf3.o(i.__0snprintf$3) refers to printf3.o(i._printf_core) for _printf_core
    printf3.o(i.__0snprintf$3) refers to printf3.o(i._snputc) for _snputc
    printf3.o(i.__0sprintf$3) refers to printf3.o(i._printf_core) for _printf_core
    printf3.o(i.__0sprintf$3) refers to printf3.o(i._sputc) for _sputc
    printf3.o(i.__0vfprintf$3) refers to printf3.o(i._printf_core) for _printf_core
    printf3.o(i.__0vfprintf$3) refers to fputc.o(i.fputc) for fputc
    printf3.o(i.__0vprintf$3) refers to printf3.o(i._printf_core) for _printf_core
    printf3.o(i.__0vprintf$3) refers to fputc.o(i.fputc) for fputc
    printf3.o(i.__0vprintf$3) refers to stdout.o(.data) for __stdout
    printf3.o(i.__0vsnprintf$3) refers to printf3.o(i._printf_core) for _printf_core
    printf3.o(i.__0vsnprintf$3) refers to printf3.o(i._snputc) for _snputc
    printf3.o(i.__0vsprintf$3) refers to printf3.o(i._printf_core) for _printf_core
    printf3.o(i.__0vsprintf$3) refers to printf3.o(i._sputc) for _sputc
    printf3.o(i._printf_core) refers to uidiv.o(.text) for __aeabi_uidivmod
    printf4.o(i.__0fprintf$4) refers to printf4.o(i._printf_core) for _printf_core
    printf4.o(i.__0fprintf$4) refers to fputc.o(i.fputc) for fputc
    printf4.o(i.__0printf$4) refers to printf4.o(i._printf_core) for _printf_core
    printf4.o(i.__0printf$4) refers to fputc.o(i.fputc) for fputc
    printf4.o(i.__0printf$4) refers to stdout.o(.data) for __stdout
    printf4.o(i.__0snprintf$4) refers to printf4.o(i._printf_core) for _printf_core
    printf4.o(i.__0snprintf$4) refers to printf4.o(i._snputc) for _snputc
    printf4.o(i.__0sprintf$4) refers to printf4.o(i._printf_core) for _printf_core
    printf4.o(i.__0sprintf$4) refers to printf4.o(i._sputc) for _sputc
    printf4.o(i.__0vfprintf$4) refers to printf4.o(i._printf_core) for _printf_core
    printf4.o(i.__0vfprintf$4) refers to fputc.o(i.fputc) for fputc
    printf4.o(i.__0vprintf$4) refers to printf4.o(i._printf_core) for _printf_core
    printf4.o(i.__0vprintf$4) refers to fputc.o(i.fputc) for fputc
    printf4.o(i.__0vprintf$4) refers to stdout.o(.data) for __stdout
    printf4.o(i.__0vsnprintf$4) refers to printf4.o(i._printf_core) for _printf_core
    printf4.o(i.__0vsnprintf$4) refers to printf4.o(i._snputc) for _snputc
    printf4.o(i.__0vsprintf$4) refers to printf4.o(i._printf_core) for _printf_core
    printf4.o(i.__0vsprintf$4) refers to printf4.o(i._sputc) for _sputc
    printf4.o(i._printf_core) refers to uldiv.o(.text) for __aeabi_uldivmod
    printf5.o(i.__0fprintf$5) refers to printf5.o(i._printf_core) for _printf_core
    printf5.o(i.__0fprintf$5) refers to fputc.o(i.fputc) for fputc
    printf5.o(i.__0printf$5) refers to printf5.o(i._printf_core) for _printf_core
    printf5.o(i.__0printf$5) refers to fputc.o(i.fputc) for fputc
    printf5.o(i.__0printf$5) refers to stdout.o(.data) for __stdout
    printf5.o(i.__0snprintf$5) refers to printf5.o(i._printf_core) for _printf_core
    printf5.o(i.__0snprintf$5) refers to printf5.o(i._snputc) for _snputc
    printf5.o(i.__0sprintf$5) refers to printf5.o(i._printf_core) for _printf_core
    printf5.o(i.__0sprintf$5) refers to printf5.o(i._sputc) for _sputc
    printf5.o(i.__0vfprintf$5) refers to printf5.o(i._printf_core) for _printf_core
    printf5.o(i.__0vfprintf$5) refers to fputc.o(i.fputc) for fputc
    printf5.o(i.__0vprintf$5) refers to printf5.o(i._printf_core) for _printf_core
    printf5.o(i.__0vprintf$5) refers to fputc.o(i.fputc) for fputc
    printf5.o(i.__0vprintf$5) refers to stdout.o(.data) for __stdout
    printf5.o(i.__0vsnprintf$5) refers to printf5.o(i._printf_core) for _printf_core
    printf5.o(i.__0vsnprintf$5) refers to printf5.o(i._snputc) for _snputc
    printf5.o(i.__0vsprintf$5) refers to printf5.o(i._printf_core) for _printf_core
    printf5.o(i.__0vsprintf$5) refers to printf5.o(i._sputc) for _sputc
    printf5.o(i._printf_core) refers to uldiv.o(.text) for __aeabi_uldivmod
    printf6.o(i.__0fprintf$6) refers to printf6.o(i._printf_core) for _printf_core
    printf6.o(i.__0fprintf$6) refers to fputc.o(i.fputc) for fputc
    printf6.o(i.__0printf$6) refers to printf6.o(i._printf_core) for _printf_core
    printf6.o(i.__0printf$6) refers to fputc.o(i.fputc) for fputc
    printf6.o(i.__0printf$6) refers to stdout.o(.data) for __stdout
    printf6.o(i.__0snprintf$6) refers to printf6.o(i._printf_core) for _printf_core
    printf6.o(i.__0snprintf$6) refers to printf6.o(i._snputc) for _snputc
    printf6.o(i.__0sprintf$6) refers to printf6.o(i._printf_core) for _printf_core
    printf6.o(i.__0sprintf$6) refers to printf6.o(i._sputc) for _sputc
    printf6.o(i.__0vfprintf$6) refers to printf6.o(i._printf_core) for _printf_core
    printf6.o(i.__0vfprintf$6) refers to fputc.o(i.fputc) for fputc
    printf6.o(i.__0vprintf$6) refers to printf6.o(i._printf_core) for _printf_core
    printf6.o(i.__0vprintf$6) refers to fputc.o(i.fputc) for fputc
    printf6.o(i.__0vprintf$6) refers to stdout.o(.data) for __stdout
    printf6.o(i.__0vsnprintf$6) refers to printf6.o(i._printf_core) for _printf_core
    printf6.o(i.__0vsnprintf$6) refers to printf6.o(i._snputc) for _snputc
    printf6.o(i.__0vsprintf$6) refers to printf6.o(i._printf_core) for _printf_core
    printf6.o(i.__0vsprintf$6) refers to printf6.o(i._sputc) for _sputc
    printf6.o(i._printf_core) refers to printf6.o(i._printf_pre_padding) for _printf_pre_padding
    printf6.o(i._printf_core) refers to uidiv.o(.text) for __aeabi_uidivmod
    printf6.o(i._printf_core) refers to printf6.o(i._printf_post_padding) for _printf_post_padding
    printf7.o(i.__0fprintf$7) refers to printf7.o(i._printf_core) for _printf_core
    printf7.o(i.__0fprintf$7) refers to fputc.o(i.fputc) for fputc
    printf7.o(i.__0printf$7) refers to printf7.o(i._printf_core) for _printf_core
    printf7.o(i.__0printf$7) refers to fputc.o(i.fputc) for fputc
    printf7.o(i.__0printf$7) refers to stdout.o(.data) for __stdout
    printf7.o(i.__0snprintf$7) refers to printf7.o(i._printf_core) for _printf_core
    printf7.o(i.__0snprintf$7) refers to printf7.o(i._snputc) for _snputc
    printf7.o(i.__0sprintf$7) refers to printf7.o(i._printf_core) for _printf_core
    printf7.o(i.__0sprintf$7) refers to printf7.o(i._sputc) for _sputc
    printf7.o(i.__0vfprintf$7) refers to printf7.o(i._printf_core) for _printf_core
    printf7.o(i.__0vfprintf$7) refers to fputc.o(i.fputc) for fputc
    printf7.o(i.__0vprintf$7) refers to printf7.o(i._printf_core) for _printf_core
    printf7.o(i.__0vprintf$7) refers to fputc.o(i.fputc) for fputc
    printf7.o(i.__0vprintf$7) refers to stdout.o(.data) for __stdout
    printf7.o(i.__0vsnprintf$7) refers to printf7.o(i._printf_core) for _printf_core
    printf7.o(i.__0vsnprintf$7) refers to printf7.o(i._snputc) for _snputc
    printf7.o(i.__0vsprintf$7) refers to printf7.o(i._printf_core) for _printf_core
    printf7.o(i.__0vsprintf$7) refers to printf7.o(i._sputc) for _sputc
    printf7.o(i._printf_core) refers to printf7.o(i._printf_pre_padding) for _printf_pre_padding
    printf7.o(i._printf_core) refers to uldiv.o(.text) for __aeabi_uldivmod
    printf7.o(i._printf_core) refers to printf7.o(i._printf_post_padding) for _printf_post_padding
    printf8.o(i.__0fprintf$8) refers to printf8.o(i._printf_core) for _printf_core
    printf8.o(i.__0fprintf$8) refers to fputc.o(i.fputc) for fputc
    printf8.o(i.__0printf$8) refers to printf8.o(i._printf_core) for _printf_core
    printf8.o(i.__0printf$8) refers to fputc.o(i.fputc) for fputc
    printf8.o(i.__0printf$8) refers to stdout.o(.data) for __stdout
    printf8.o(i.__0snprintf$8) refers to printf8.o(i._printf_core) for _printf_core
    printf8.o(i.__0snprintf$8) refers to printf8.o(i._snputc) for _snputc
    printf8.o(i.__0sprintf$8) refers to printf8.o(i._printf_core) for _printf_core
    printf8.o(i.__0sprintf$8) refers to printf8.o(i._sputc) for _sputc
    printf8.o(i.__0vfprintf$8) refers to printf8.o(i._printf_core) for _printf_core
    printf8.o(i.__0vfprintf$8) refers to fputc.o(i.fputc) for fputc
    printf8.o(i.__0vprintf$8) refers to printf8.o(i._printf_core) for _printf_core
    printf8.o(i.__0vprintf$8) refers to fputc.o(i.fputc) for fputc
    printf8.o(i.__0vprintf$8) refers to stdout.o(.data) for __stdout
    printf8.o(i.__0vsnprintf$8) refers to printf8.o(i._printf_core) for _printf_core
    printf8.o(i.__0vsnprintf$8) refers to printf8.o(i._snputc) for _snputc
    printf8.o(i.__0vsprintf$8) refers to printf8.o(i._printf_core) for _printf_core
    printf8.o(i.__0vsprintf$8) refers to printf8.o(i._sputc) for _sputc
    printf8.o(i._printf_core) refers to printf8.o(i._printf_pre_padding) for _printf_pre_padding
    printf8.o(i._printf_core) refers to uldiv.o(.text) for __aeabi_uldivmod
    printf8.o(i._printf_core) refers to printf8.o(i._printf_post_padding) for _printf_post_padding
    printfa.o(i.__0fprintf) refers (Special) to iusefp.o(.text) for __I$use$fp
    printfa.o(i.__0fprintf) refers to printfa.o(i._printf_core) for _printf_core
    printfa.o(i.__0fprintf) refers to fputc.o(i.fputc) for fputc
    printfa.o(i.__0printf) refers (Special) to iusefp.o(.text) for __I$use$fp
    printfa.o(i.__0printf) refers to printfa.o(i._printf_core) for _printf_core
    printfa.o(i.__0printf) refers to fputc.o(i.fputc) for fputc
    printfa.o(i.__0printf) refers to stdout.o(.data) for __stdout
    printfa.o(i.__0snprintf) refers (Special) to iusefp.o(.text) for __I$use$fp
    printfa.o(i.__0snprintf) refers to printfa.o(i._printf_core) for _printf_core
    printfa.o(i.__0snprintf) refers to printfa.o(i._snputc) for _snputc
    printfa.o(i.__0sprintf) refers (Special) to iusefp.o(.text) for __I$use$fp
    printfa.o(i.__0sprintf) refers to printfa.o(i._printf_core) for _printf_core
    printfa.o(i.__0sprintf) refers to printfa.o(i._sputc) for _sputc
    printfa.o(i.__0vfprintf) refers (Special) to iusefp.o(.text) for __I$use$fp
    printfa.o(i.__0vfprintf) refers to printfa.o(i._printf_core) for _printf_core
    printfa.o(i.__0vfprintf) refers to fputc.o(i.fputc) for fputc
    printfa.o(i.__0vprintf) refers (Special) to iusefp.o(.text) for __I$use$fp
    printfa.o(i.__0vprintf) refers to printfa.o(i._printf_core) for _printf_core
    printfa.o(i.__0vprintf) refers to fputc.o(i.fputc) for fputc
    printfa.o(i.__0vprintf) refers to stdout.o(.data) for __stdout
    printfa.o(i.__0vsnprintf) refers (Special) to iusefp.o(.text) for __I$use$fp
    printfa.o(i.__0vsnprintf) refers to printfa.o(i._printf_core) for _printf_core
    printfa.o(i.__0vsnprintf) refers to printfa.o(i._snputc) for _snputc
    printfa.o(i.__0vsprintf) refers (Special) to iusefp.o(.text) for __I$use$fp
    printfa.o(i.__0vsprintf) refers to printfa.o(i._printf_core) for _printf_core
    printfa.o(i.__0vsprintf) refers to printfa.o(i._sputc) for _sputc
    printfa.o(i._fp_digits) refers (Special) to iusefp.o(.text) for __I$use$fp
    printfa.o(i._fp_digits) refers to dmul.o(.text) for __aeabi_dmul
    printfa.o(i._fp_digits) refers to ddiv.o(.text) for __aeabi_ddiv
    printfa.o(i._fp_digits) refers to cdrcmple.o(.text) for __aeabi_cdrcmple
    printfa.o(i._fp_digits) refers to dadd.o(.text) for __aeabi_dadd
    printfa.o(i._fp_digits) refers to dfixul.o(.text) for __aeabi_d2ulz
    printfa.o(i._fp_digits) refers to uldiv.o(.text) for __aeabi_uldivmod
    printfa.o(i._printf_core) refers (Special) to iusefp.o(.text) for __I$use$fp
    printfa.o(i._printf_core) refers to printfa.o(i._printf_pre_padding) for _printf_pre_padding
    printfa.o(i._printf_core) refers to uldiv.o(.text) for __aeabi_uldivmod
    printfa.o(i._printf_core) refers to printfa.o(i._printf_post_padding) for _printf_post_padding
    printfa.o(i._printf_core) refers to printfa.o(i._fp_digits) for _fp_digits
    printfa.o(i._printf_core) refers to uidiv.o(.text) for __aeabi_uidivmod
    printfa.o(i._printf_post_padding) refers (Special) to iusefp.o(.text) for __I$use$fp
    printfa.o(i._printf_pre_padding) refers (Special) to iusefp.o(.text) for __I$use$fp
    printfa.o(i._snputc) refers (Special) to iusefp.o(.text) for __I$use$fp
    printfa.o(i._sputc) refers (Special) to iusefp.o(.text) for __I$use$fp
    entry2.o(.ARM.Collect$$$$00000001) refers to entry2.o(.ARM.Collect$$$$00002712) for __lit__00000000
    entry2.o(.ARM.Collect$$$$00002712) refers to startup_lpc407x_8x_177x_8x.o(STACK) for __initial_sp
    entry2.o(__vectab_stack_and_reset_area) refers to startup_lpc407x_8x_177x_8x.o(STACK) for __initial_sp
    entry2.o(__vectab_stack_and_reset_area) refers to entry.o(.ARM.Collect$$$$00000000) for __main
    entry5.o(.ARM.Collect$$$$00000004) refers to init.o(.text) for __scatterload
    entry9a.o(.ARM.Collect$$$$0000000B) refers to main.o(i.main) for main
    entry9b.o(.ARM.Collect$$$$0000000C) refers to main.o(i.main) for main
    fputc.o(i.fputc) refers (Special) to iusesemip.o(.text) for __I$use$semihosting$fputc
    fputc.o(i.fputc) refers (Special) to semi.o(.text) for __semihosting_library_function
    uldiv.o(.text) refers to llushr.o(.text) for __aeabi_llsr
    uldiv.o(.text) refers to llshl.o(.text) for __aeabi_llsl
    dadd.o(.text) refers to llshl.o(.text) for __aeabi_llsl
    dadd.o(.text) refers to llsshr.o(.text) for __aeabi_lasr
    dadd.o(.text) refers to depilogue.o(.text) for _double_epilogue
    dmul.o(.text) refers to depilogue.o(.text) for _double_epilogue
    ddiv.o(.text) refers to depilogue.o(.text) for _double_round
    dfixul.o(.text) refers to llushr.o(.text) for __aeabi_llsr
    dfixul.o(.text) refers to llshl.o(.text) for __aeabi_llsl
    init.o(.text) refers to entry5.o(.ARM.Collect$$$$00000004) for __main_after_scatterload
    depilogue.o(.text) refers to llshl.o(.text) for __aeabi_llsl
    depilogue.o(.text) refers to llushr.o(.text) for __aeabi_llsr


==============================================================================

Removing Unused input sections from the image.

    Removing main.o(.rev16_text), (4 bytes).
    Removing main.o(.revsh_text), (4 bytes).
    Removing main.o(.rrx_text), (6 bytes).
    Removing main.o(i.itoa), (116 bytes).
    Removing serial.o(.rev16_text), (4 bytes).
    Removing serial.o(.revsh_text), (4 bytes).
    Removing serial.o(.rrx_text), (6 bytes).
    Removing hm10.o(.rev16_text), (4 bytes).
    Removing hm10.o(.revsh_text), (4 bytes).
    Removing hm10.o(.rrx_text), (6 bytes).
    Removing gpio.o(.rev16_text), (4 bytes).
    Removing gpio.o(.revsh_text), (4 bytes).
    Removing gpio.o(.rrx_text), (6 bytes).
    Removing gpio.o(i.LED1_Init), (20 bytes).
    Removing gpio.o(i.LED1_Off), (20 bytes).
    Removing gpio.o(i.LED1_On), (20 bytes).
    Removing gpio.o(i.LED2_Init), (20 bytes).
    Removing gpio.o(i.LED2_Off), (20 bytes).
    Removing gpio.o(i.LED2_On), (20 bytes).
    Removing gpio.o(i.LED3_Init), (20 bytes).
    Removing gpio.o(i.LED3_Off), (20 bytes).
    Removing gpio.o(i.LED3_On), (20 bytes).
    Removing gpio.o(i.LED4_Init), (20 bytes).
    Removing gpio.o(i.LED4_Off), (20 bytes).
    Removing gpio.o(i.LED4_On), (20 bytes).
    Removing ultrasonic.o(.rev16_text), (4 bytes).
    Removing ultrasonic.o(.revsh_text), (4 bytes).
    Removing ultrasonic.o(.rrx_text), (6 bytes).
    Removing wait.o(.rev16_text), (4 bytes).
    Removing wait.o(.revsh_text), (4 bytes).
    Removing wait.o(.rrx_text), (6 bytes).
    Removing wait.o(i.wait), (20 bytes).
    Removing wait.o(i.waitMicroseconds), (18 bytes).
    Removing adc.o(.rev16_text), (4 bytes).
    Removing adc.o(.revsh_text), (4 bytes).
    Removing adc.o(.rrx_text), (6 bytes).
    Removing timer.o(.rev16_text), (4 bytes).
    Removing timer.o(.revsh_text), (4 bytes).
    Removing timer.o(.rrx_text), (6 bytes).
    Removing motor.o(.rev16_text), (4 bytes).
    Removing motor.o(.revsh_text), (4 bytes).
    Removing motor.o(.rrx_text), (6 bytes).
    Removing led.o(.rev16_text), (4 bytes).
    Removing led.o(.revsh_text), (4 bytes).
    Removing led.o(.rrx_text), (6 bytes).
    Removing external.o(.rev16_text), (4 bytes).
    Removing external.o(.revsh_text), (4 bytes).
    Removing external.o(.rrx_text), (6 bytes).
    Removing startup_lpc407x_8x_177x_8x.o(HEAP), (0 bytes).
    Removing system_lpc407x_8x_177x_8x.o(.rev16_text), (4 bytes).
    Removing system_lpc407x_8x_177x_8x.o(.revsh_text), (4 bytes).
    Removing system_lpc407x_8x_177x_8x.o(.rrx_text), (6 bytes).
    Removing dadd.o(.text), (334 bytes).
    Removing dmul.o(.text), (228 bytes).
    Removing ddiv.o(.text), (222 bytes).
    Removing dfixul.o(.text), (48 bytes).
    Removing cdrcmple.o(.text), (48 bytes).
    Removing depilogue.o(.text), (186 bytes).

58 unused section(s) (total 1628 bytes) removed from the image.

==============================================================================

Image Symbol Table

    Local Symbols

    Symbol Name                              Value     Ov Type        Size  Object(Section)

    RESET                                    0x00000000   Section      228  startup_lpc407x_8x_177x_8x.o(RESET)
    ../clib/microlib/division.c              0x00000000   Number         0  uidiv.o ABSOLUTE
    ../clib/microlib/division.c              0x00000000   Number         0  uldiv.o ABSOLUTE
    ../clib/microlib/init/entry.s            0x00000000   Number         0  entry10a.o ABSOLUTE
    ../clib/microlib/init/entry.s            0x00000000   Number         0  entry8b.o ABSOLUTE
    ../clib/microlib/init/entry.s            0x00000000   Number         0  entry9b.o ABSOLUTE
    ../clib/microlib/init/entry.s            0x00000000   Number         0  entry.o ABSOLUTE
    ../clib/microlib/init/entry.s            0x00000000   Number         0  entry11b.o ABSOLUTE
    ../clib/microlib/init/entry.s            0x00000000   Number         0  entry9a.o ABSOLUTE
    ../clib/microlib/init/entry.s            0x00000000   Number         0  entry2.o ABSOLUTE
    ../clib/microlib/init/entry.s            0x00000000   Number         0  entry5.o ABSOLUTE
    ../clib/microlib/init/entry.s            0x00000000   Number         0  entry7a.o ABSOLUTE
    ../clib/microlib/init/entry.s            0x00000000   Number         0  entry7b.o ABSOLUTE
    ../clib/microlib/init/entry.s            0x00000000   Number         0  entry8a.o ABSOLUTE
    ../clib/microlib/init/entry.s            0x00000000   Number         0  entry11a.o ABSOLUTE
    ../clib/microlib/init/entry.s            0x00000000   Number         0  entry10b.o ABSOLUTE
    ../clib/microlib/longlong.c              0x00000000   Number         0  llshl.o ABSOLUTE
    ../clib/microlib/longlong.c              0x00000000   Number         0  llsshr.o ABSOLUTE
    ../clib/microlib/longlong.c              0x00000000   Number         0  llushr.o ABSOLUTE
    ../clib/microlib/printf/printf.c         0x00000000   Number         0  printf6.o ABSOLUTE
    ../clib/microlib/printf/printf.c         0x00000000   Number         0  printf7.o ABSOLUTE
    ../clib/microlib/printf/printf.c         0x00000000   Number         0  printf0.o ABSOLUTE
    ../clib/microlib/printf/printf.c         0x00000000   Number         0  printfa.o ABSOLUTE
    ../clib/microlib/printf/printf.c         0x00000000   Number         0  printf8.o ABSOLUTE
    ../clib/microlib/printf/printf.c         0x00000000   Number         0  printf5.o ABSOLUTE
    ../clib/microlib/printf/printf.c         0x00000000   Number         0  printf4.o ABSOLUTE
    ../clib/microlib/printf/printf.c         0x00000000   Number         0  printf3.o ABSOLUTE
    ../clib/microlib/printf/printf.c         0x00000000   Number         0  printf2.o ABSOLUTE
    ../clib/microlib/printf/printf.c         0x00000000   Number         0  printf1.o ABSOLUTE
    ../clib/microlib/printf/printf.c         0x00000000   Number         0  printfb.o ABSOLUTE
    ../clib/microlib/printf/stubs.s          0x00000000   Number         0  stubs.o ABSOLUTE
    ../clib/microlib/stdio/fputc.c           0x00000000   Number         0  fputc.o ABSOLUTE
    ../clib/microlib/stdio/semi.s            0x00000000   Number         0  semi.o ABSOLUTE
    ../clib/microlib/stdio/streams.c         0x00000000   Number         0  stdout.o ABSOLUTE
    ../clib/microlib/string/strstr.c         0x00000000   Number         0  strstr.o ABSOLUTE
    ../clib/microlib/stubs.s                 0x00000000   Number         0  iusesemip.o ABSOLUTE
    ../clib/microlib/stubs.s                 0x00000000   Number         0  iusefp.o ABSOLUTE
    ../fplib/microlib/fpadd.c                0x00000000   Number         0  dadd.o ABSOLUTE
    ../fplib/microlib/fpdiv.c                0x00000000   Number         0  ddiv.o ABSOLUTE
    ../fplib/microlib/fpepilogue.c           0x00000000   Number         0  depilogue.o ABSOLUTE
    ../fplib/microlib/fpfix.c                0x00000000   Number         0  dfixul.o ABSOLUTE
    ../fplib/microlib/fpmul.c                0x00000000   Number         0  dmul.o ABSOLUTE
    Library\ADC.c                            0x00000000   Number         0  adc.o ABSOLUTE
    Library\External.c                       0x00000000   Number         0  external.o ABSOLUTE
    Library\GPIO.c                           0x00000000   Number         0  gpio.o ABSOLUTE
    Library\HM10.c                           0x00000000   Number         0  hm10.o ABSOLUTE
    Library\LED.c                            0x00000000   Number         0  led.o ABSOLUTE
    Library\Motor.c                          0x00000000   Number         0  motor.o ABSOLUTE
    Library\Serial.c                         0x00000000   Number         0  serial.o ABSOLUTE
    Library\Timer.c                          0x00000000   Number         0  timer.o ABSOLUTE
    Library\Ultrasonic.c                     0x00000000   Number         0  ultrasonic.o ABSOLUTE
    Library\Wait.c                           0x00000000   Number         0  wait.o ABSOLUTE
    Library\\ADC.c                           0x00000000   Number         0  adc.o ABSOLUTE
    Library\\External.c                      0x00000000   Number         0  external.o ABSOLUTE
    Library\\GPIO.c                          0x00000000   Number         0  gpio.o ABSOLUTE
    Library\\HM10.c                          0x00000000   Number         0  hm10.o ABSOLUTE
    Library\\LED.c                           0x00000000   Number         0  led.o ABSOLUTE
    Library\\Motor.c                         0x00000000   Number         0  motor.o ABSOLUTE
    Library\\Serial.c                        0x00000000   Number         0  serial.o ABSOLUTE
    Library\\Timer.c                         0x00000000   Number         0  timer.o ABSOLUTE
    Library\\Ultrasonic.c                    0x00000000   Number         0  ultrasonic.o ABSOLUTE
    Library\\Wait.c                          0x00000000   Number         0  wait.o ABSOLUTE
    RTE\Device\LPC4088FET208\startup_LPC407x_8x_177x_8x.s 0x00000000   Number         0  startup_lpc407x_8x_177x_8x.o ABSOLUTE
    RTE\Device\LPC4088FET208\system_LPC407x_8x_177x_8x.c 0x00000000   Number         0  system_lpc407x_8x_177x_8x.o ABSOLUTE
    RTE\\Device\\LPC4088FET208\\system_LPC407x_8x_177x_8x.c 0x00000000   Number         0  system_lpc407x_8x_177x_8x.o ABSOLUTE
    cdrcmple.s                               0x00000000   Number         0  cdrcmple.o ABSOLUTE
    dc.s                                     0x00000000   Number         0  dc.o ABSOLUTE
    handlers.s                               0x00000000   Number         0  handlers.o ABSOLUTE
    init.s                                   0x00000000   Number         0  init.o ABSOLUTE
    main.c                                   0x00000000   Number         0  main.o ABSOLUTE
    main.c                                   0x00000000   Number         0  main.o ABSOLUTE
    .ARM.Collect$$$$00000000                 0x000000e4   Section        0  entry.o(.ARM.Collect$$$$00000000)
    .ARM.Collect$$$$00000001                 0x000000e4   Section        4  entry2.o(.ARM.Collect$$$$00000001)
    .ARM.Collect$$$$00000004                 0x000000e8   Section        4  entry5.o(.ARM.Collect$$$$00000004)
    .ARM.Collect$$$$00000008                 0x000000ec   Section        0  entry7b.o(.ARM.Collect$$$$00000008)
    .ARM.Collect$$$$0000000A                 0x000000ec   Section        0  entry8b.o(.ARM.Collect$$$$0000000A)
    .ARM.Collect$$$$0000000B                 0x000000ec   Section        8  entry9a.o(.ARM.Collect$$$$0000000B)
    .ARM.Collect$$$$0000000D                 0x000000f4   Section        0  entry10a.o(.ARM.Collect$$$$0000000D)
    .ARM.Collect$$$$0000000F                 0x000000f4   Section        0  entry11a.o(.ARM.Collect$$$$0000000F)
    .ARM.Collect$$$$00002712                 0x000000f4   Section        4  entry2.o(.ARM.Collect$$$$00002712)
    __lit__00000000                          0x000000f4   Data           4  entry2.o(.ARM.Collect$$$$00002712)
    .text                                    0x000000f8   Section       36  startup_lpc407x_8x_177x_8x.o(.text)
    $v0                                      0x000000f8   Number         0  startup_lpc407x_8x_177x_8x.o(.text)
    .text                                    0x0000011c   Section        0  strstr.o(.text)
    .text                                    0x00000140   Section        0  uidiv.o(.text)
    .text                                    0x0000016c   Section       36  init.o(.text)
    i.ADC_GetLastValue_L                     0x00000190   Section        0  adc.o(i.ADC_GetLastValue_L)
    i.ADC_GetLastValue_P                     0x000001a4   Section        0  adc.o(i.ADC_GetLastValue_P)
    i.ADC_GetLastValue_R                     0x000001b8   Section        0  adc.o(i.ADC_GetLastValue_R)
    i.ADC_IRQHandler                         0x000001cc   Section        0  adc.o(i.ADC_IRQHandler)
    i.ADC_Start                              0x00000264   Section        0  adc.o(i.ADC_Start)
    i.EINT0_IRQHandler                       0x00000280   Section        0  external.o(i.EINT0_IRQHandler)
    i.GPIO_DIR_Write                         0x000002a8   Section        0  gpio.o(i.GPIO_DIR_Write)
    i.GPIO_PIN_Write                         0x000002ba   Section        0  gpio.o(i.GPIO_PIN_Write)
    i.HM10_ClearBuffer                       0x000002cc   Section        0  hm10.o(i.HM10_ClearBuffer)
    i.HM10_SendCommand                       0x000002f0   Section        0  hm10.o(i.HM10_SendCommand)
    .ARM.__at_0x02FC                         0x000002fc   Section        4  startup_lpc407x_8x_177x_8x.o(.ARM.__at_0x02FC)
    i.ADC_Init                               0x00000300   Section        0  adc.o(i.ADC_Init)
    i.ADC_update                             0x00000420   Section        0  main.o(i.ADC_update)
    i.Communication_Update                   0x00000568   Section        0  main.o(i.Communication_Update)
    i.External_Init                          0x00000834   Section        0  external.o(i.External_Init)
    i.HM10_Init                              0x000008d4   Section        0  hm10.o(i.HM10_Init)
    i.HM10_ReadData                          0x0000095c   Section        0  hm10.o(i.HM10_ReadData)
    i.HM10_Write                             0x00000974   Section        0  hm10.o(i.HM10_Write)
    i.HM10_WriteData                         0x0000098c   Section        0  hm10.o(i.HM10_WriteData)
    i.Led_Back                               0x000009a4   Section        0  led.o(i.Led_Back)
    i.Led_Front                              0x000009e8   Section        0  led.o(i.Led_Front)
    i.Led_Init                               0x00000a0c   Section        0  led.o(i.Led_Init)
    i.Led_Rotate                             0x00000a94   Section        0  led.o(i.Led_Rotate)
    i.Led_Stop                               0x00000b00   Section        0  led.o(i.Led_Stop)
    i.Motor_Drive                            0x00000b3c   Section        0  motor.o(i.Motor_Drive)
    i.Motor_Drive_Back                       0x00000b56   Section        0  motor.o(i.Motor_Drive_Back)
    i.Motor_Init                             0x00000b70   Section        0  motor.o(i.Motor_Init)
    i.Motor_Rotate                           0x00000c0c   Section        0  motor.o(i.Motor_Rotate)
    i.Motor_Run                              0x00000c30   Section        0  motor.o(i.Motor_Run)
    i.Motor_Set_Rate                         0x00000c7c   Section        0  motor.o(i.Motor_Set_Rate)
    i.Motor_Set_Speed                        0x00000c98   Section        0  motor.o(i.Motor_Set_Speed)
    i.Motor_Stop                             0x00000cdc   Section        0  motor.o(i.Motor_Stop)
    i.Serial_Init                            0x00000d14   Section        0  serial.o(i.Serial_Init)
    i.Serial_ReadData                        0x00000e00   Section        0  serial.o(i.Serial_ReadData)
    i.Serial_WriteData                       0x00000e0c   Section        0  serial.o(i.Serial_WriteData)
    i.SystemCoreClockUpdate                  0x00000e20   Section        0  system_lpc407x_8x_177x_8x.o(i.SystemCoreClockUpdate)
    i.SystemInit                             0x000010f4   Section        0  system_lpc407x_8x_177x_8x.o(i.SystemInit)
    i.TIMER2_IRQHandler                      0x000011e0   Section        0  ultrasonic.o(i.TIMER2_IRQHandler)
    i.TIMER3_IRQHandler                      0x0000122c   Section        0  ultrasonic.o(i.TIMER3_IRQHandler)
    i.Timer0_Init                            0x00001280   Section        0  timer.o(i.Timer0_Init)
    i.UART0_IRQHandler                       0x00001308   Section        0  serial.o(i.UART0_IRQHandler)
    i.UART3_IRQHandler                       0x00001368   Section        0  hm10.o(i.UART3_IRQHandler)
    i.Ultrasonic_Capture_Timer_Init          0x00001398   Section        0  ultrasonic.o(i.Ultrasonic_Capture_Timer_Init)
    i.Ultrasonic_Init                        0x000013fc   Section        0  ultrasonic.o(i.Ultrasonic_Init)
    i.Ultrasonic_Start_Trigger_Timer         0x00001418   Section        0  ultrasonic.o(i.Ultrasonic_Start_Trigger_Timer)
    i.Ultrasonic_Trigger_Timer_Init          0x00001450   Section        0  ultrasonic.o(i.Ultrasonic_Trigger_Timer_Init)
    i.__0sprintf$3                           0x000014f0   Section        0  printf3.o(i.__0sprintf$3)
    i.__NVIC_EnableIRQ                       0x00001518   Section        0  ultrasonic.o(i.__NVIC_EnableIRQ)
    __NVIC_EnableIRQ                         0x00001519   Thumb Code    26  ultrasonic.o(i.__NVIC_EnableIRQ)
    i.__scatterload_copy                     0x00001532   Section       14  handlers.o(i.__scatterload_copy)
    i.__scatterload_null                     0x00001540   Section        2  handlers.o(i.__scatterload_null)
    i.__scatterload_zeroinit                 0x00001542   Section       14  handlers.o(i.__scatterload_zeroinit)
    i._printf_core                           0x00001550   Section        0  printf3.o(i._printf_core)
    _printf_core                             0x00001551   Thumb Code   436  printf3.o(i._printf_core)
    i._sputc                                 0x00001708   Section        0  printf3.o(i._sputc)
    _sputc                                   0x00001709   Thumb Code    10  printf3.o(i._sputc)
    i.fpu_init                               0x00001714   Section        0  system_lpc407x_8x_177x_8x.o(i.fpu_init)
    i.init                                   0x00001764   Section        0  main.o(i.init)
    i.main                                   0x00001790   Section        0  main.o(i.main)
    i.ultrasonic_init                        0x0000179c   Section        0  main.o(i.ultrasonic_init)
    i.ultrasonic_update                      0x000017b0   Section        0  main.o(i.ultrasonic_update)
    i.update                                 0x000017ec   Section        0  main.o(i.update)
    .conststring                             0x000017fc   Section       76  main.o(.conststring)
    .data                                    0x10000000   Section       28  main.o(.data)
    .data                                    0x1000001c   Section        9  serial.o(.data)
    .data                                    0x10000026   Section        5  hm10.o(.data)
    .data                                    0x1000002c   Section       19  ultrasonic.o(.data)
    .data                                    0x10000040   Section       21  adc.o(.data)
    .data                                    0x10000058   Section       16  system_lpc407x_8x_177x_8x.o(.data)
    .bss                                     0x10000068   Section      534  main.o(.bss)
    .bss                                     0x1000027e   Section      256  hm10.o(.bss)
    STACK                                    0x10000380   Section     1024  startup_lpc407x_8x_177x_8x.o(STACK)

    Global Symbols

    Symbol Name                              Value     Ov Type        Size  Object(Section)

    BuildAttributes$$THM_ISAv4$E$P$D$K$B$S$7EM$VFPi3$EXTD16$VFPS$VFMA$PE$A:L22UL41UL21$X:L11$S22US41US21$IEEE1$IW$USESV6$~STKCKD$USESV7$~SHL$OSPACE$ROPI$EBA8$MICROLIB$REQ8$PRES8$EABIv2 0x00000000   Number         0  anon$$obj.o ABSOLUTE
    __ARM_use_no_argv                        0x00000000   Number         0  main.o ABSOLUTE
    __Vectors                                0x00000000   Data           4  startup_lpc407x_8x_177x_8x.o(RESET)
    _printf_a                                0x00000000   Number         0  stubs.o ABSOLUTE
    _printf_c                                0x00000000   Number         0  stubs.o ABSOLUTE
    _printf_charcount                        0x00000000   Number         0  stubs.o ABSOLUTE
    _printf_d                                0x00000000   Number         0  stubs.o ABSOLUTE
    _printf_e                                0x00000000   Number         0  stubs.o ABSOLUTE
    _printf_f                                0x00000000   Number         0  stubs.o ABSOLUTE
    _printf_flags                            0x00000000   Number         0  stubs.o ABSOLUTE
    _printf_fp_dec                           0x00000000   Number         0  stubs.o ABSOLUTE
    _printf_fp_hex                           0x00000000   Number         0  stubs.o ABSOLUTE
    _printf_g                                0x00000000   Number         0  stubs.o ABSOLUTE
    _printf_i                                0x00000000   Number         0  stubs.o ABSOLUTE
    _printf_int_dec                          0x00000000   Number         0  stubs.o ABSOLUTE
    _printf_l                                0x00000000   Number         0  stubs.o ABSOLUTE
    _printf_lc                               0x00000000   Number         0  stubs.o ABSOLUTE
    _printf_ll                               0x00000000   Number         0  stubs.o ABSOLUTE
    _printf_lld                              0x00000000   Number         0  stubs.o ABSOLUTE
    _printf_lli                              0x00000000   Number         0  stubs.o ABSOLUTE
    _printf_llo                              0x00000000   Number         0  stubs.o ABSOLUTE
    _printf_llu                              0x00000000   Number         0  stubs.o ABSOLUTE
    _printf_llx                              0x00000000   Number         0  stubs.o ABSOLUTE
    _printf_longlong_dec                     0x00000000   Number         0  stubs.o ABSOLUTE
    _printf_longlong_hex                     0x00000000   Number         0  stubs.o ABSOLUTE
    _printf_longlong_oct                     0x00000000   Number         0  stubs.o ABSOLUTE
    _printf_ls                               0x00000000   Number         0  stubs.o ABSOLUTE
    _printf_mbtowc                           0x00000000   Number         0  stubs.o ABSOLUTE
    _printf_n                                0x00000000   Number         0  stubs.o ABSOLUTE
    _printf_o                                0x00000000   Number         0  stubs.o ABSOLUTE
    _printf_p                                0x00000000   Number         0  stubs.o ABSOLUTE
    _printf_percent                          0x00000000   Number         0  stubs.o ABSOLUTE
    _printf_pre_padding                      0x00000000   Number         0  stubs.o ABSOLUTE
    _printf_return_value                     0x00000000   Number         0  stubs.o ABSOLUTE
    _printf_s                                0x00000000   Number         0  stubs.o ABSOLUTE
    _printf_sizespec                         0x00000000   Number         0  stubs.o ABSOLUTE
    _printf_str                              0x00000000   Number         0  stubs.o ABSOLUTE
    _printf_truncate_signed                  0x00000000   Number         0  stubs.o ABSOLUTE
    _printf_truncate_unsigned                0x00000000   Number         0  stubs.o ABSOLUTE
    _printf_u                                0x00000000   Number         0  stubs.o ABSOLUTE
    _printf_wc                               0x00000000   Number         0  stubs.o ABSOLUTE
    _printf_wctomb                           0x00000000   Number         0  stubs.o ABSOLUTE
    _printf_widthprec                        0x00000000   Number         0  stubs.o ABSOLUTE
    _printf_x                                0x00000000   Number         0  stubs.o ABSOLUTE
    __cpp_initialize__aeabi_                  - Undefined Weak Reference
    __cxa_finalize                            - Undefined Weak Reference
    __decompress                              - Undefined Weak Reference
    _clock_init                               - Undefined Weak Reference
    _microlib_exit                            - Undefined Weak Reference
    __main                                   0x000000e5   Thumb Code     0  entry.o(.ARM.Collect$$$$00000000)
    _main_stk                                0x000000e5   Thumb Code     0  entry2.o(.ARM.Collect$$$$00000001)
    _main_scatterload                        0x000000e9   Thumb Code     0  entry5.o(.ARM.Collect$$$$00000004)
    __main_after_scatterload                 0x000000ed   Thumb Code     0  entry5.o(.ARM.Collect$$$$00000004)
    _main_clock                              0x000000ed   Thumb Code     0  entry7b.o(.ARM.Collect$$$$00000008)
    _main_cpp_init                           0x000000ed   Thumb Code     0  entry8b.o(.ARM.Collect$$$$0000000A)
    _main_init                               0x000000ed   Thumb Code     0  entry9a.o(.ARM.Collect$$$$0000000B)
    __rt_final_cpp                           0x000000f5   Thumb Code     0  entry10a.o(.ARM.Collect$$$$0000000D)
    __rt_final_exit                          0x000000f5   Thumb Code     0  entry11a.o(.ARM.Collect$$$$0000000F)
    Reset_Handler                            0x000000f9   Thumb Code     8  startup_lpc407x_8x_177x_8x.o(.text)
    NMI_Handler                              0x00000101   Thumb Code     2  startup_lpc407x_8x_177x_8x.o(.text)
    HardFault_Handler                        0x00000103   Thumb Code     2  startup_lpc407x_8x_177x_8x.o(.text)
    MemManage_Handler                        0x00000105   Thumb Code     2  startup_lpc407x_8x_177x_8x.o(.text)
    BusFault_Handler                         0x00000107   Thumb Code     2  startup_lpc407x_8x_177x_8x.o(.text)
    UsageFault_Handler                       0x00000109   Thumb Code     2  startup_lpc407x_8x_177x_8x.o(.text)
    SVC_Handler                              0x0000010b   Thumb Code     2  startup_lpc407x_8x_177x_8x.o(.text)
    DebugMon_Handler                         0x0000010d   Thumb Code     2  startup_lpc407x_8x_177x_8x.o(.text)
    PendSV_Handler                           0x0000010f   Thumb Code     2  startup_lpc407x_8x_177x_8x.o(.text)
    SysTick_Handler                          0x00000111   Thumb Code     2  startup_lpc407x_8x_177x_8x.o(.text)
    BOD_IRQHandler                           0x00000113   Thumb Code     0  startup_lpc407x_8x_177x_8x.o(.text)
    CANActivity_IRQHandler                   0x00000113   Thumb Code     0  startup_lpc407x_8x_177x_8x.o(.text)
    CAN_IRQHandler                           0x00000113   Thumb Code     0  startup_lpc407x_8x_177x_8x.o(.text)
    DMA_IRQHandler                           0x00000113   Thumb Code     0  startup_lpc407x_8x_177x_8x.o(.text)
    EEPROM_IRQHandler                        0x00000113   Thumb Code     0  startup_lpc407x_8x_177x_8x.o(.text)
    EINT1_IRQHandler                         0x00000113   Thumb Code     0  startup_lpc407x_8x_177x_8x.o(.text)
    EINT2_IRQHandler                         0x00000113   Thumb Code     0  startup_lpc407x_8x_177x_8x.o(.text)
    EINT3_IRQHandler                         0x00000113   Thumb Code     0  startup_lpc407x_8x_177x_8x.o(.text)
    ENET_IRQHandler                          0x00000113   Thumb Code     0  startup_lpc407x_8x_177x_8x.o(.text)
    GPIO_IRQHandler                          0x00000113   Thumb Code     0  startup_lpc407x_8x_177x_8x.o(.text)
    I2C0_IRQHandler                          0x00000113   Thumb Code     0  startup_lpc407x_8x_177x_8x.o(.text)
    I2C1_IRQHandler                          0x00000113   Thumb Code     0  startup_lpc407x_8x_177x_8x.o(.text)
    I2C2_IRQHandler                          0x00000113   Thumb Code     0  startup_lpc407x_8x_177x_8x.o(.text)
    I2S_IRQHandler                           0x00000113   Thumb Code     0  startup_lpc407x_8x_177x_8x.o(.text)
    LCD_IRQHandler                           0x00000113   Thumb Code     0  startup_lpc407x_8x_177x_8x.o(.text)
    MCI_IRQHandler                           0x00000113   Thumb Code     0  startup_lpc407x_8x_177x_8x.o(.text)
    MCPWM_IRQHandler                         0x00000113   Thumb Code     0  startup_lpc407x_8x_177x_8x.o(.text)
    PLL0_IRQHandler                          0x00000113   Thumb Code     0  startup_lpc407x_8x_177x_8x.o(.text)
    PLL1_IRQHandler                          0x00000113   Thumb Code     0  startup_lpc407x_8x_177x_8x.o(.text)
    PWM0_IRQHandler                          0x00000113   Thumb Code     0  startup_lpc407x_8x_177x_8x.o(.text)
    PWM1_IRQHandler                          0x00000113   Thumb Code     0  startup_lpc407x_8x_177x_8x.o(.text)
    QEI_IRQHandler                           0x00000113   Thumb Code     0  startup_lpc407x_8x_177x_8x.o(.text)
    RTC_IRQHandler                           0x00000113   Thumb Code     0  startup_lpc407x_8x_177x_8x.o(.text)
    SSP0_IRQHandler                          0x00000113   Thumb Code     0  startup_lpc407x_8x_177x_8x.o(.text)
    SSP1_IRQHandler                          0x00000113   Thumb Code     0  startup_lpc407x_8x_177x_8x.o(.text)
    SSP2_IRQHandler                          0x00000113   Thumb Code     0  startup_lpc407x_8x_177x_8x.o(.text)
    TIMER0_IRQHandler                        0x00000113   Thumb Code     0  startup_lpc407x_8x_177x_8x.o(.text)
    TIMER1_IRQHandler                        0x00000113   Thumb Code     0  startup_lpc407x_8x_177x_8x.o(.text)
    UART1_IRQHandler                         0x00000113   Thumb Code     0  startup_lpc407x_8x_177x_8x.o(.text)
    UART2_IRQHandler                         0x00000113   Thumb Code     0  startup_lpc407x_8x_177x_8x.o(.text)
    UART4_IRQHandler                         0x00000113   Thumb Code     0  startup_lpc407x_8x_177x_8x.o(.text)
    USBActivity_IRQHandler                   0x00000113   Thumb Code     0  startup_lpc407x_8x_177x_8x.o(.text)
    USB_IRQHandler                           0x00000113   Thumb Code     0  startup_lpc407x_8x_177x_8x.o(.text)
    WDT_IRQHandler                           0x00000113   Thumb Code     0  startup_lpc407x_8x_177x_8x.o(.text)
    strstr                                   0x0000011d   Thumb Code    36  strstr.o(.text)
    __aeabi_uidiv                            0x00000141   Thumb Code     0  uidiv.o(.text)
    __aeabi_uidivmod                         0x00000141   Thumb Code    44  uidiv.o(.text)
    __scatterload                            0x0000016d   Thumb Code    28  init.o(.text)
    __scatterload_rt2                        0x0000016d   Thumb Code     0  init.o(.text)
    ADC_GetLastValue_L                       0x00000191   Thumb Code    12  adc.o(i.ADC_GetLastValue_L)
    ADC_GetLastValue_P                       0x000001a5   Thumb Code    12  adc.o(i.ADC_GetLastValue_P)
    ADC_GetLastValue_R                       0x000001b9   Thumb Code    12  adc.o(i.ADC_GetLastValue_R)
    ADC_IRQHandler                           0x000001cd   Thumb Code   124  adc.o(i.ADC_IRQHandler)
    ADC_Start                                0x00000265   Thumb Code    24  adc.o(i.ADC_Start)
    EINT0_IRQHandler                         0x00000281   Thumb Code    26  external.o(i.EINT0_IRQHandler)
    GPIO_DIR_Write                           0x000002a9   Thumb Code    18  gpio.o(i.GPIO_DIR_Write)
    GPIO_PIN_Write                           0x000002bb   Thumb Code    18  gpio.o(i.GPIO_PIN_Write)
    HM10_ClearBuffer                         0x000002cd   Thumb Code    20  hm10.o(i.HM10_ClearBuffer)
    HM10_SendCommand                         0x000002f1   Thumb Code    12  hm10.o(i.HM10_SendCommand)
    ADC_Init                                 0x00000301   Thumb Code   276  adc.o(i.ADC_Init)
    ADC_update                               0x00000421   Thumb Code   280  main.o(i.ADC_update)
    Communication_Update                     0x00000569   Thumb Code   528  main.o(i.Communication_Update)
    External_Init                            0x00000835   Thumb Code   134  external.o(i.External_Init)
    HM10_Init                                0x000008d5   Thumb Code   122  hm10.o(i.HM10_Init)
    HM10_ReadData                            0x0000095d   Thumb Code    20  hm10.o(i.HM10_ReadData)
    HM10_Write                               0x00000975   Thumb Code    22  hm10.o(i.HM10_Write)
    HM10_WriteData                           0x0000098d   Thumb Code    20  hm10.o(i.HM10_WriteData)
    Led_Back                                 0x000009a5   Thumb Code    62  led.o(i.Led_Back)
    Led_Front                                0x000009e9   Thumb Code    32  led.o(i.Led_Front)
    Led_Init                                 0x00000a0d   Thumb Code   122  led.o(i.Led_Init)
    Led_Rotate                               0x00000a95   Thumb Code   102  led.o(i.Led_Rotate)
    Led_Stop                                 0x00000b01   Thumb Code    54  led.o(i.Led_Stop)
    Motor_Drive                              0x00000b3d   Thumb Code    26  motor.o(i.Motor_Drive)
    Motor_Drive_Back                         0x00000b57   Thumb Code    26  motor.o(i.Motor_Drive_Back)
    Motor_Init                               0x00000b71   Thumb Code   138  motor.o(i.Motor_Init)
    Motor_Rotate                             0x00000c0d   Thumb Code    36  motor.o(i.Motor_Rotate)
    Motor_Run                                0x00000c31   Thumb Code    72  motor.o(i.Motor_Run)
    Motor_Set_Rate                           0x00000c7d   Thumb Code    22  motor.o(i.Motor_Set_Rate)
    Motor_Set_Speed                          0x00000c99   Thumb Code    64  motor.o(i.Motor_Set_Speed)
    Motor_Stop                               0x00000cdd   Thumb Code    52  motor.o(i.Motor_Stop)
    Serial_Init                              0x00000d15   Thumb Code   214  serial.o(i.Serial_Init)
    Serial_ReadData                          0x00000e01   Thumb Code     6  serial.o(i.Serial_ReadData)
    Serial_WriteData                         0x00000e0d   Thumb Code    12  serial.o(i.Serial_WriteData)
    SystemCoreClockUpdate                    0x00000e21   Thumb Code   696  system_lpc407x_8x_177x_8x.o(i.SystemCoreClockUpdate)
    SystemInit                               0x000010f5   Thumb Code   220  system_lpc407x_8x_177x_8x.o(i.SystemInit)
    TIMER2_IRQHandler                        0x000011e1   Thumb Code    68  ultrasonic.o(i.TIMER2_IRQHandler)
    TIMER3_IRQHandler                        0x0000122d   Thumb Code    64  ultrasonic.o(i.TIMER3_IRQHandler)
    Timer0_Init                              0x00001281   Thumb Code   124  timer.o(i.Timer0_Init)
    UART0_IRQHandler                         0x00001309   Thumb Code    74  serial.o(i.UART0_IRQHandler)
    UART3_IRQHandler                         0x00001369   Thumb Code    36  hm10.o(i.UART3_IRQHandler)
    Ultrasonic_Capture_Timer_Init            0x00001399   Thumb Code    92  ultrasonic.o(i.Ultrasonic_Capture_Timer_Init)
    Ultrasonic_Init                          0x000013fd   Thumb Code    24  ultrasonic.o(i.Ultrasonic_Init)
    Ultrasonic_Start_Trigger_Timer           0x00001419   Thumb Code    52  ultrasonic.o(i.Ultrasonic_Start_Trigger_Timer)
    Ultrasonic_Trigger_Timer_Init            0x00001451   Thumb Code   140  ultrasonic.o(i.Ultrasonic_Trigger_Timer_Init)
    __0sprintf$3                             0x000014f1   Thumb Code    34  printf3.o(i.__0sprintf$3)
    __1sprintf$3                             0x000014f1   Thumb Code     0  printf3.o(i.__0sprintf$3)
    __2sprintf                               0x000014f1   Thumb Code     0  printf3.o(i.__0sprintf$3)
    __scatterload_copy                       0x00001533   Thumb Code    14  handlers.o(i.__scatterload_copy)
    __scatterload_null                       0x00001541   Thumb Code     2  handlers.o(i.__scatterload_null)
    __scatterload_zeroinit                   0x00001543   Thumb Code    14  handlers.o(i.__scatterload_zeroinit)
    fpu_init                                 0x00001715   Thumb Code    62  system_lpc407x_8x_177x_8x.o(i.fpu_init)
    init                                     0x00001765   Thumb Code    44  main.o(i.init)
    main                                     0x00001791   Thumb Code    12  main.o(i.main)
    ultrasonic_init                          0x0000179d   Thumb Code    20  main.o(i.ultrasonic_init)
    ultrasonic_update                        0x000017b1   Thumb Code    42  main.o(i.ultrasonic_update)
    update                                   0x000017ed   Thumb Code    16  main.o(i.update)
    Region$$Table$$Base                      0x00001848   Number         0  anon$$obj.o(Region$$Table)
    Region$$Table$$Limit                     0x00001868   Number         0  anon$$obj.o(Region$$Table)
    RIGHT_MOTOR_SPEED                        0x10000000   Data           1  main.o(.data)
    RIGHT_MOTOR_DIR                          0x10000001   Data           1  main.o(.data)
    LEFT_MOTOR_SPEED                         0x10000002   Data           1  main.o(.data)
    LEFT_MOTOR_DIR                           0x10000003   Data           1  main.o(.data)
    isTestMode                               0x10000004   Data           1  main.o(.data)
    isLight                                  0x10000005   Data           1  main.o(.data)
    isStop                                   0x10000006   Data           1  main.o(.data)
    rotation_counter                         0x10000008   Data           4  main.o(.data)
    dist                                     0x1000000c   Data           4  main.o(.data)
    left_ldr                                 0x10000010   Data           4  main.o(.data)
    right_ldr                                0x10000014   Data           4  main.o(.data)
    p_meter                                  0x10000018   Data           4  main.o(.data)
    serialReceivedCharacter                  0x1000001c   Data           1  serial.o(.data)
    serialNewDataAvailable                   0x1000001d   Data           1  serial.o(.data)
    serialTransmitData                       0x10000020   Data           4  serial.o(.data)
    serialTransmitCompleted                  0x10000024   Data           1  serial.o(.data)
    HM10BufferHead                           0x10000026   Data           2  hm10.o(.data)
    HM10BufferTail                           0x10000028   Data           2  hm10.o(.data)
    HM10NewDataAvailable                     0x1000002a   Data           1  hm10.o(.data)
    ultrasonicSensorRisingCaptureTime        0x1000002c   Data           4  ultrasonic.o(.data)
    ultrasonicSensorFallingCaptureTime       0x10000030   Data           4  ultrasonic.o(.data)
    ultrasonicSensorDuration                 0x10000034   Data           4  ultrasonic.o(.data)
    ultrasonicSensorDistance                 0x10000038   Data           4  ultrasonic.o(.data)
    ultrasonicSensorNewDataAvailable         0x1000003c   Data           1  ultrasonic.o(.data)
    ultrasonicSensorTriggerStart             0x1000003d   Data           1  ultrasonic.o(.data)
    ultrasonicSensorCaptureRisingEdge        0x1000003e   Data           1  ultrasonic.o(.data)
    ADC_Last_L                               0x10000040   Data           4  adc.o(.data)
    ADC_New_Data_Available_L                 0x10000044   Data           1  adc.o(.data)
    ADC_Last_R                               0x10000048   Data           4  adc.o(.data)
    ADC_New_Data_Available_R                 0x1000004c   Data           1  adc.o(.data)
    ADC_Last_P                               0x10000050   Data           4  adc.o(.data)
    ADC_New_Data_Available_P                 0x10000054   Data           1  adc.o(.data)
    SystemCoreClock                          0x10000058   Data           4  system_lpc407x_8x_177x_8x.o(.data)
    PeripheralClock                          0x1000005c   Data           4  system_lpc407x_8x_177x_8x.o(.data)
    EMCClock                                 0x10000060   Data           4  system_lpc407x_8x_177x_8x.o(.data)
    USBClock                                 0x10000064   Data           4  system_lpc407x_8x_177x_8x.o(.data)
    c                                        0x10000068   Data          14  main.o(.bss)
    incoming_message                         0x10000076   Data          20  main.o(.bss)
    status_info                              0x1000008a   Data         500  main.o(.bss)
    HM10Buffer                               0x1000027e   Data         256  hm10.o(.bss)
    __initial_sp                             0x10000780   Data           0  startup_lpc407x_8x_177x_8x.o(STACK)



==============================================================================

Memory Map of the image

  Image Entry point : 0x000000f9

  Load Region LR_1 (Base: 0x00000000, Size: 0x000018d0, Max: 0xffffffff, ABSOLUTE)

    Execution Region ER_RO (Exec base: 0x00000000, Load base: 0x00000000, Size: 0x00001868, Max: 0xffffffff, ABSOLUTE)

    Exec Addr    Load Addr    Size         Type   Attr      Idx    E Section Name        Object

    0x00000000   0x00000000   0x000000e4   Data   RO          728    RESET               startup_lpc407x_8x_177x_8x.o
    0x000000e4   0x000000e4   0x00000000   Code   RO          778  * .ARM.Collect$$$$00000000  mc_w.l(entry.o)
    0x000000e4   0x000000e4   0x00000004   Code   RO         1044    .ARM.Collect$$$$00000001  mc_w.l(entry2.o)
    0x000000e8   0x000000e8   0x00000004   Code   RO         1047    .ARM.Collect$$$$00000004  mc_w.l(entry5.o)
    0x000000ec   0x000000ec   0x00000000   Code   RO         1049    .ARM.Collect$$$$00000008  mc_w.l(entry7b.o)
    0x000000ec   0x000000ec   0x00000000   Code   RO         1051    .ARM.Collect$$$$0000000A  mc_w.l(entry8b.o)
    0x000000ec   0x000000ec   0x00000008   Code   RO         1052    .ARM.Collect$$$$0000000B  mc_w.l(entry9a.o)
    0x000000f4   0x000000f4   0x00000000   Code   RO         1054    .ARM.Collect$$$$0000000D  mc_w.l(entry10a.o)
    0x000000f4   0x000000f4   0x00000000   Code   RO         1056    .ARM.Collect$$$$0000000F  mc_w.l(entry11a.o)
    0x000000f4   0x000000f4   0x00000004   Code   RO         1045    .ARM.Collect$$$$00002712  mc_w.l(entry2.o)
    0x000000f8   0x000000f8   0x00000024   Code   RO          730  * .text               startup_lpc407x_8x_177x_8x.o
    0x0000011c   0x0000011c   0x00000024   Code   RO          781    .text               mc_w.l(strstr.o)
    0x00000140   0x00000140   0x0000002c   Code   RO         1061    .text               mc_w.l(uidiv.o)
    0x0000016c   0x0000016c   0x00000024   Code   RO         1076    .text               mc_w.l(init.o)
    0x00000190   0x00000190   0x00000014   Code   RO          488    i.ADC_GetLastValue_L  adc.o
    0x000001a4   0x000001a4   0x00000014   Code   RO          489    i.ADC_GetLastValue_P  adc.o
    0x000001b8   0x000001b8   0x00000014   Code   RO          490    i.ADC_GetLastValue_R  adc.o
    0x000001cc   0x000001cc   0x00000098   Code   RO          491    i.ADC_IRQHandler    adc.o
    0x00000264   0x00000264   0x0000001c   Code   RO          493    i.ADC_Start         adc.o
    0x00000280   0x00000280   0x00000028   Code   RO          695    i.EINT0_IRQHandler  external.o
    0x000002a8   0x000002a8   0x00000012   Code   RO          278    i.GPIO_DIR_Write    gpio.o
    0x000002ba   0x000002ba   0x00000012   Code   RO          279    i.GPIO_PIN_Write    gpio.o
    0x000002cc   0x000002cc   0x00000024   Code   RO          203    i.HM10_ClearBuffer  hm10.o
    0x000002f0   0x000002f0   0x0000000c   Code   RO          206    i.HM10_SendCommand  hm10.o
    0x000002fc   0x000002fc   0x00000004   Code   RO          729    .ARM.__at_0x02FC    startup_lpc407x_8x_177x_8x.o
    0x00000300   0x00000300   0x00000120   Code   RO          492    i.ADC_Init          adc.o
    0x00000420   0x00000420   0x00000148   Code   RO            4    i.ADC_update        main.o
    0x00000568   0x00000568   0x000002cc   Code   RO            5    i.Communication_Update  main.o
    0x00000834   0x00000834   0x000000a0   Code   RO          696    i.External_Init     external.o
    0x000008d4   0x000008d4   0x00000088   Code   RO          204    i.HM10_Init         hm10.o
    0x0000095c   0x0000095c   0x00000018   Code   RO          205    i.HM10_ReadData     hm10.o
    0x00000974   0x00000974   0x00000016   Code   RO          207    i.HM10_Write        hm10.o
    0x0000098a   0x0000098a   0x00000002   PAD
    0x0000098c   0x0000098c   0x00000018   Code   RO          208    i.HM10_WriteData    hm10.o
    0x000009a4   0x000009a4   0x00000044   Code   RO          647    i.Led_Back          led.o
    0x000009e8   0x000009e8   0x00000024   Code   RO          648    i.Led_Front         led.o
    0x00000a0c   0x00000a0c   0x00000088   Code   RO          649    i.Led_Init          led.o
    0x00000a94   0x00000a94   0x0000006c   Code   RO          650    i.Led_Rotate        led.o
    0x00000b00   0x00000b00   0x0000003c   Code   RO          651    i.Led_Stop          led.o
    0x00000b3c   0x00000b3c   0x0000001a   Code   RO          572    i.Motor_Drive       motor.o
    0x00000b56   0x00000b56   0x0000001a   Code   RO          573    i.Motor_Drive_Back  motor.o
    0x00000b70   0x00000b70   0x0000009c   Code   RO          574    i.Motor_Init        motor.o
    0x00000c0c   0x00000c0c   0x00000024   Code   RO          575    i.Motor_Rotate      motor.o
    0x00000c30   0x00000c30   0x0000004c   Code   RO          576    i.Motor_Run         motor.o
    0x00000c7c   0x00000c7c   0x0000001c   Code   RO          577    i.Motor_Set_Rate    motor.o
    0x00000c98   0x00000c98   0x00000044   Code   RO          578    i.Motor_Set_Speed   motor.o
    0x00000cdc   0x00000cdc   0x00000038   Code   RO          579    i.Motor_Stop        motor.o
    0x00000d14   0x00000d14   0x000000ec   Code   RO          148    i.Serial_Init       serial.o
    0x00000e00   0x00000e00   0x0000000c   Code   RO          149    i.Serial_ReadData   serial.o
    0x00000e0c   0x00000e0c   0x00000014   Code   RO          150    i.Serial_WriteData  serial.o
    0x00000e20   0x00000e20   0x000002d4   Code   RO          739    i.SystemCoreClockUpdate  system_lpc407x_8x_177x_8x.o
    0x000010f4   0x000010f4   0x000000ec   Code   RO          740    i.SystemInit        system_lpc407x_8x_177x_8x.o
    0x000011e0   0x000011e0   0x0000004c   Code   RO          383    i.TIMER2_IRQHandler  ultrasonic.o
    0x0000122c   0x0000122c   0x00000054   Code   RO          384    i.TIMER3_IRQHandler  ultrasonic.o
    0x00001280   0x00001280   0x00000088   Code   RO          548    i.Timer0_Init       timer.o
    0x00001308   0x00001308   0x00000060   Code   RO          151    i.UART0_IRQHandler  serial.o
    0x00001368   0x00001368   0x00000030   Code   RO          209    i.UART3_IRQHandler  hm10.o
    0x00001398   0x00001398   0x00000064   Code   RO          385    i.Ultrasonic_Capture_Timer_Init  ultrasonic.o
    0x000013fc   0x000013fc   0x0000001c   Code   RO          386    i.Ultrasonic_Init   ultrasonic.o
    0x00001418   0x00001418   0x00000038   Code   RO          387    i.Ultrasonic_Start_Trigger_Timer  ultrasonic.o
    0x00001450   0x00001450   0x000000a0   Code   RO          388    i.Ultrasonic_Trigger_Timer_Init  ultrasonic.o
    0x000014f0   0x000014f0   0x00000028   Code   RO          874    i.__0sprintf$3      mc_w.l(printf3.o)
    0x00001518   0x00001518   0x0000001a   Code   RO          389    i.__NVIC_EnableIRQ  ultrasonic.o
    0x00001532   0x00001532   0x0000000e   Code   RO         1090    i.__scatterload_copy  mc_w.l(handlers.o)
    0x00001540   0x00001540   0x00000002   Code   RO         1091    i.__scatterload_null  mc_w.l(handlers.o)
    0x00001542   0x00001542   0x0000000e   Code   RO         1092    i.__scatterload_zeroinit  mc_w.l(handlers.o)
    0x00001550   0x00001550   0x000001b8   Code   RO          879    i._printf_core      mc_w.l(printf3.o)
    0x00001708   0x00001708   0x0000000a   Code   RO          881    i._sputc            mc_w.l(printf3.o)
    0x00001712   0x00001712   0x00000002   PAD
    0x00001714   0x00001714   0x00000050   Code   RO          741    i.fpu_init          system_lpc407x_8x_177x_8x.o
    0x00001764   0x00001764   0x0000002c   Code   RO            6    i.init              main.o
    0x00001790   0x00001790   0x0000000c   Code   RO            8    i.main              main.o
    0x0000179c   0x0000179c   0x00000014   Code   RO            9    i.ultrasonic_init   main.o
    0x000017b0   0x000017b0   0x0000003c   Code   RO           10    i.ultrasonic_update  main.o
    0x000017ec   0x000017ec   0x00000010   Code   RO           11    i.update            main.o
    0x000017fc   0x000017fc   0x0000004c   Data   RO           13    .conststring        main.o
    0x00001848   0x00001848   0x00000020   Data   RO         1088    Region$$Table       anon$$obj.o


    Execution Region ER_RW (Exec base: 0x10000000, Load base: 0x00001868, Size: 0x00000068, Max: 0xffffffff, ABSOLUTE)

    Exec Addr    Load Addr    Size         Type   Attr      Idx    E Section Name        Object

    0x10000000   0x00001868   0x0000001c   Data   RW           14    .data               main.o
    0x1000001c   0x00001884   0x00000009   Data   RW          152    .data               serial.o
    0x10000025   0x0000188d   0x00000001   PAD
    0x10000026   0x0000188e   0x00000005   Data   RW          211    .data               hm10.o
    0x1000002b   0x00001893   0x00000001   PAD
    0x1000002c   0x00001894   0x00000013   Data   RW          390    .data               ultrasonic.o
    0x1000003f   0x000018a7   0x00000001   PAD
    0x10000040   0x000018a8   0x00000015   Data   RW          494    .data               adc.o
    0x10000055   0x000018bd   0x00000003   PAD
    0x10000058   0x000018c0   0x00000010   Data   RW          742    .data               system_lpc407x_8x_177x_8x.o


    Execution Region ER_ZI (Exec base: 0x10000068, Load base: 0x000018d0, Size: 0x00000718, Max: 0xffffffff, ABSOLUTE)

    Exec Addr    Load Addr    Size         Type   Attr      Idx    E Section Name        Object

    0x10000068        -       0x00000216   Zero   RW           12    .bss                main.o
    0x1000027e        -       0x00000100   Zero   RW          210    .bss                hm10.o
    0x1000037e   0x000018d0   0x00000002   PAD
    0x10000380        -       0x00000400   Zero   RW          726    STACK               startup_lpc407x_8x_177x_8x.o


==============================================================================

Image component sizes


      Code (inc. data)   RO Data    RW Data    ZI Data      Debug   Object Name

       528         68          0         21          0       3549   adc.o
       200         40          0          0          0       1287   external.o
        36          0          0          0          0       2582   gpio.o
       302         50          0          5        256      34394   hm10.o
       408         36          0          0          0       2362   led.o
      1196        254         76         28        534      32003   main.o
       472         36          0          0          0       4229   motor.o
       364         58          0          9          0      32889   serial.o
        40         12        228          0       1024       1112   startup_lpc407x_8x_177x_8x.o
      1040         62          0         16          0       4656   system_lpc407x_8x_177x_8x.o
       136         12          0          0          0        486   timer.o
       530         64          0         19          0      34655   ultrasonic.o

    ----------------------------------------------------------------------
      5254        692        336        104       1816     154204   Object Totals
         0          0         32          0          0          0   (incl. Generated)
         2          0          0          6          2          0   (incl. Padding)

    ----------------------------------------------------------------------

      Code (inc. data)   RO Data    RW Data    ZI Data      Debug   Library Member Name

         0          0          0          0          0          0   entry.o
         0          0          0          0          0          0   entry10a.o
         0          0          0          0          0          0   entry11a.o
         8          4          0          0          0          0   entry2.o
         4          0          0          0          0          0   entry5.o
         0          0          0          0          0          0   entry7b.o
         0          0          0          0          0          0   entry8b.o
         8          4          0          0          0          0   entry9a.o
        30          0          0          0          0          0   handlers.o
        36          8          0          0          0         68   init.o
       490         10          0          0          0        252   printf3.o
        36          0          0          0          0         80   strstr.o
        44          0          0          0          0         80   uidiv.o

    ----------------------------------------------------------------------
       658         26          0          0          0        480   Library Totals
         2          0          0          0          0          0   (incl. Padding)

    ----------------------------------------------------------------------

      Code (inc. data)   RO Data    RW Data    ZI Data      Debug   Library Name

       656         26          0          0          0        480   mc_w.l

    ----------------------------------------------------------------------
       658         26          0          0          0        480   Library Totals

    ----------------------------------------------------------------------

==============================================================================


      Code (inc. data)   RO Data    RW Data    ZI Data      Debug   

      5912        718        336        104       1816     150032   Grand Totals
      5912        718        336        104       1816     150032   ELF Image Totals
      5912        718        336        104          0          0   ROM Totals

==============================================================================

    Total RO  Size (Code + RO Data)                 6248 (   6.10kB)
    Total RW  Size (RW Data + ZI Data)              1920 (   1.88kB)
    Total ROM Size (Code + RO Data + RW Data)       6352 (   6.20kB)

==============================================================================

