Component: ARM Compiler 5.06 update 6 (build 750) Tool: armlink [4d35ed]

==============================================================================

Section Cross References

    main.o(i.init) refers to serial.o(i.Serial_Init) for Serial_Init
    main.o(i.init) refers to main.o(i.ultrasonic_init) for ultrasonic_init
    main.o(i.init) refers to timer.o(i.Timer_Init) for Timer_Init
    main.o(i.init) refers to adc.o(i.ADC_Init) for ADC_Init
    main.o(i.init) refers to adc.o(i.ADC_Start) for ADC_Start
    main.o(i.itoa) refers to main.o(.bss) for c
    main.o(i.main) refers to main.o(i.init) for init
    main.o(i.main) refers to main.o(i.update) for update
    main.o(i.ultrasonic_init) refers to ultrasonic.o(i.Ultrasonic_Init) for Ultrasonic_Init
    main.o(i.ultrasonic_init) refers to ultrasonic.o(i.Ultrasonic_Trigger_Timer_Init) for Ultrasonic_Trigger_Timer_Init
    main.o(i.ultrasonic_init) refers to ultrasonic.o(i.Ultrasonic_Capture_Timer_Init) for Ultrasonic_Capture_Timer_Init
    main.o(i.ultrasonic_init) refers to ultrasonic.o(i.Ultrasonic_Start_Trigger_Timer) for Ultrasonic_Start_Trigger_Timer
    main.o(i.ultrasonic_update) refers to main.o(i.itoa) for itoa
    main.o(i.ultrasonic_update) refers to serial.o(i.Serial_WriteData) for Serial_WriteData
    main.o(i.ultrasonic_update) refers to ultrasonic.o(.data) for ultrasonicSensorNewDataAvailable
    main.o(i.ultrasonic_update) refers to main.o(.data) for time
    main.o(i.ultrasonic_update) refers to main.o(.bss) for c
    main.o(i.ultrasonic_update) refers to serial.o(.data) for serialTransmitData
    main.o(i.update) refers to main.o(i.ultrasonic_update) for ultrasonic_update
    serial.o(i.Serial_WriteData) refers to serial.o(.data) for serialTransmitCompleted
    serial.o(i.UART0_IRQHandler) refers to serial.o(i.Serial_ReadData) for Serial_ReadData
    serial.o(i.UART0_IRQHandler) refers to serial.o(i.Serial_WriteData) for Serial_WriteData
    serial.o(i.UART0_IRQHandler) refers to serial.o(.data) for serialReceivedCharacter
    hm10.o(i.HM10_ClearBuffer) refers to hm10.o(.data) for HM10CurrentBufferIndex
    hm10.o(i.HM10_ClearBuffer) refers to hm10.o(.bss) for HM10Buffer
    hm10.o(i.HM10_SendCommand) refers to hm10.o(i.HM10_Write) for HM10_Write
    hm10.o(i.HM10_Write) refers to hm10.o(i.HM10_WriteData) for HM10_WriteData
    hm10.o(i.UART3_IRQHandler) refers to hm10.o(i.HM10_ReadData) for HM10_ReadData
    hm10.o(i.UART3_IRQHandler) refers to hm10.o(.bss) for HM10Buffer
    hm10.o(i.UART3_IRQHandler) refers to hm10.o(.data) for HM10CurrentBufferIndex
    gpio.o(i.LED1_Init) refers to gpio.o(i.GPIO_DIR_Write) for GPIO_DIR_Write
    gpio.o(i.LED1_Off) refers to gpio.o(i.GPIO_PIN_Write) for GPIO_PIN_Write
    gpio.o(i.LED1_On) refers to gpio.o(i.GPIO_PIN_Write) for GPIO_PIN_Write
    gpio.o(i.LED2_Init) refers to gpio.o(i.GPIO_DIR_Write) for GPIO_DIR_Write
    gpio.o(i.LED2_Off) refers to gpio.o(i.GPIO_PIN_Write) for GPIO_PIN_Write
    gpio.o(i.LED2_On) refers to gpio.o(i.GPIO_PIN_Write) for GPIO_PIN_Write
    gpio.o(i.LED3_Init) refers to gpio.o(i.GPIO_DIR_Write) for GPIO_DIR_Write
    gpio.o(i.LED3_Off) refers to gpio.o(i.GPIO_PIN_Write) for GPIO_PIN_Write
    gpio.o(i.LED3_On) refers to gpio.o(i.GPIO_PIN_Write) for GPIO_PIN_Write
    gpio.o(i.LED4_Init) refers to gpio.o(i.GPIO_DIR_Write) for GPIO_DIR_Write
    gpio.o(i.LED4_Off) refers to gpio.o(i.GPIO_PIN_Write) for GPIO_PIN_Write
    gpio.o(i.LED4_On) refers to gpio.o(i.GPIO_PIN_Write) for GPIO_PIN_Write
    ultrasonic.o(i.TIMER2_IRQHandler) refers to ultrasonic.o(.data) for ultrasonicSensorTriggerStart
    ultrasonic.o(i.TIMER3_IRQHandler) refers to ultrasonic.o(.data) for ultrasonicSensorCaptureRisingEdge
    ultrasonic.o(i.Ultrasonic_Capture_Timer_Init) refers to ultrasonic.o(i.__NVIC_EnableIRQ) for __NVIC_EnableIRQ
    ultrasonic.o(i.Ultrasonic_Trigger_Timer_Init) refers to ultrasonic.o(i.__NVIC_EnableIRQ) for __NVIC_EnableIRQ
    adc.o(i.ADC_GetLastValue) refers to adc.o(.data) for ADC_New_Data_Available
    adc.o(i.ADC_IRQHandler) refers to adc.o(.data) for ADC_Last
    startup_lpc407x_8x_177x_8x.o(RESET) refers to startup_lpc407x_8x_177x_8x.o(STACK) for __initial_sp
    startup_lpc407x_8x_177x_8x.o(RESET) refers to startup_lpc407x_8x_177x_8x.o(.text) for Reset_Handler
    startup_lpc407x_8x_177x_8x.o(RESET) refers to ultrasonic.o(i.TIMER2_IRQHandler) for TIMER2_IRQHandler
    startup_lpc407x_8x_177x_8x.o(RESET) refers to ultrasonic.o(i.TIMER3_IRQHandler) for TIMER3_IRQHandler
    startup_lpc407x_8x_177x_8x.o(RESET) refers to serial.o(i.UART0_IRQHandler) for UART0_IRQHandler
    startup_lpc407x_8x_177x_8x.o(RESET) refers to hm10.o(i.UART3_IRQHandler) for UART3_IRQHandler
    startup_lpc407x_8x_177x_8x.o(RESET) refers to adc.o(i.ADC_IRQHandler) for ADC_IRQHandler
    startup_lpc407x_8x_177x_8x.o(.text) refers to system_lpc407x_8x_177x_8x.o(i.SystemInit) for SystemInit
    startup_lpc407x_8x_177x_8x.o(.text) refers to entry.o(.ARM.Collect$$$$00000000) for __main
    system_lpc407x_8x_177x_8x.o(i.SystemCoreClockUpdate) refers to system_lpc407x_8x_177x_8x.o(.data) for SystemCoreClock
    system_lpc407x_8x_177x_8x.o(i.SystemInit) refers to system_lpc407x_8x_177x_8x.o(i.fpu_init) for fpu_init
    system_lpc407x_8x_177x_8x.o(i.SystemInit) refers to system_lpc407x_8x_177x_8x.o(i.SystemCoreClockUpdate) for SystemCoreClockUpdate
    entry.o(.ARM.Collect$$$$00000000) refers (Special) to entry10a.o(.ARM.Collect$$$$0000000D) for __rt_final_cpp
    entry.o(.ARM.Collect$$$$00000000) refers (Special) to entry11a.o(.ARM.Collect$$$$0000000F) for __rt_final_exit
    entry.o(.ARM.Collect$$$$00000000) refers (Special) to entry7b.o(.ARM.Collect$$$$00000008) for _main_clock
    entry.o(.ARM.Collect$$$$00000000) refers (Special) to entry8b.o(.ARM.Collect$$$$0000000A) for _main_cpp_init
    entry.o(.ARM.Collect$$$$00000000) refers (Special) to entry9a.o(.ARM.Collect$$$$0000000B) for _main_init
    entry.o(.ARM.Collect$$$$00000000) refers (Special) to entry5.o(.ARM.Collect$$$$00000004) for _main_scatterload
    entry.o(.ARM.Collect$$$$00000000) refers (Special) to entry2.o(.ARM.Collect$$$$00000001) for _main_stk
    entry2.o(.ARM.Collect$$$$00000001) refers to entry2.o(.ARM.Collect$$$$00002712) for __lit__00000000
    entry2.o(.ARM.Collect$$$$00002712) refers to startup_lpc407x_8x_177x_8x.o(STACK) for __initial_sp
    entry2.o(__vectab_stack_and_reset_area) refers to startup_lpc407x_8x_177x_8x.o(STACK) for __initial_sp
    entry2.o(__vectab_stack_and_reset_area) refers to entry.o(.ARM.Collect$$$$00000000) for __main
    entry5.o(.ARM.Collect$$$$00000004) refers to init.o(.text) for __scatterload
    entry9a.o(.ARM.Collect$$$$0000000B) refers to main.o(i.main) for main
    entry9b.o(.ARM.Collect$$$$0000000C) refers to main.o(i.main) for main
    init.o(.text) refers to entry5.o(.ARM.Collect$$$$00000004) for __main_after_scatterload


==============================================================================

Removing Unused input sections from the image.

    Removing main.o(.rev16_text), (4 bytes).
    Removing main.o(.revsh_text), (4 bytes).
    Removing main.o(.rrx_text), (6 bytes).
    Removing serial.o(.rev16_text), (4 bytes).
    Removing serial.o(.revsh_text), (4 bytes).
    Removing serial.o(.rrx_text), (6 bytes).
    Removing hm10.o(.rev16_text), (4 bytes).
    Removing hm10.o(.revsh_text), (4 bytes).
    Removing hm10.o(.rrx_text), (6 bytes).
    Removing hm10.o(i.HM10_ClearBuffer), (28 bytes).
    Removing hm10.o(i.HM10_Init), (144 bytes).
    Removing hm10.o(i.HM10_SendCommand), (12 bytes).
    Removing hm10.o(i.HM10_Write), (22 bytes).
    Removing hm10.o(i.HM10_WriteData), (24 bytes).
    Removing gpio.o(.rev16_text), (4 bytes).
    Removing gpio.o(.revsh_text), (4 bytes).
    Removing gpio.o(.rrx_text), (6 bytes).
    Removing gpio.o(i.GPIO_DIR_Write), (18 bytes).
    Removing gpio.o(i.GPIO_PIN_Write), (18 bytes).
    Removing gpio.o(i.LED1_Init), (20 bytes).
    Removing gpio.o(i.LED1_Off), (20 bytes).
    Removing gpio.o(i.LED1_On), (20 bytes).
    Removing gpio.o(i.LED2_Init), (20 bytes).
    Removing gpio.o(i.LED2_Off), (20 bytes).
    Removing gpio.o(i.LED2_On), (20 bytes).
    Removing gpio.o(i.LED3_Init), (20 bytes).
    Removing gpio.o(i.LED3_Off), (20 bytes).
    Removing gpio.o(i.LED3_On), (20 bytes).
    Removing gpio.o(i.LED4_Init), (20 bytes).
    Removing gpio.o(i.LED4_Off), (20 bytes).
    Removing gpio.o(i.LED4_On), (20 bytes).
    Removing ultrasonic.o(.rev16_text), (4 bytes).
    Removing ultrasonic.o(.revsh_text), (4 bytes).
    Removing ultrasonic.o(.rrx_text), (6 bytes).
    Removing wait.o(.rev16_text), (4 bytes).
    Removing wait.o(.revsh_text), (4 bytes).
    Removing wait.o(.rrx_text), (6 bytes).
    Removing wait.o(i.wait), (20 bytes).
    Removing wait.o(i.waitMicroseconds), (18 bytes).
    Removing adc.o(.rev16_text), (4 bytes).
    Removing adc.o(.revsh_text), (4 bytes).
    Removing adc.o(.rrx_text), (6 bytes).
    Removing adc.o(i.ADC_GetLastValue), (20 bytes).
    Removing timer.o(.rev16_text), (4 bytes).
    Removing timer.o(.revsh_text), (4 bytes).
    Removing timer.o(.rrx_text), (6 bytes).
    Removing startup_lpc407x_8x_177x_8x.o(HEAP), (0 bytes).
    Removing system_lpc407x_8x_177x_8x.o(.rev16_text), (4 bytes).
    Removing system_lpc407x_8x_177x_8x.o(.revsh_text), (4 bytes).
    Removing system_lpc407x_8x_177x_8x.o(.rrx_text), (6 bytes).

50 unused section(s) (total 690 bytes) removed from the image.

==============================================================================

Image Symbol Table

    Local Symbols

    Symbol Name                              Value     Ov Type        Size  Object(Section)

    RESET                                    0x00000000   Section      228  startup_lpc407x_8x_177x_8x.o(RESET)
    ../clib/microlib/init/entry.s            0x00000000   Number         0  entry.o ABSOLUTE
    ../clib/microlib/init/entry.s            0x00000000   Number         0  entry8b.o ABSOLUTE
    ../clib/microlib/init/entry.s            0x00000000   Number         0  entry9a.o ABSOLUTE
    ../clib/microlib/init/entry.s            0x00000000   Number         0  entry9b.o ABSOLUTE
    ../clib/microlib/init/entry.s            0x00000000   Number         0  entry10a.o ABSOLUTE
    ../clib/microlib/init/entry.s            0x00000000   Number         0  entry10b.o ABSOLUTE
    ../clib/microlib/init/entry.s            0x00000000   Number         0  entry11b.o ABSOLUTE
    ../clib/microlib/init/entry.s            0x00000000   Number         0  entry11a.o ABSOLUTE
    ../clib/microlib/init/entry.s            0x00000000   Number         0  entry8a.o ABSOLUTE
    ../clib/microlib/init/entry.s            0x00000000   Number         0  entry7b.o ABSOLUTE
    ../clib/microlib/init/entry.s            0x00000000   Number         0  entry7a.o ABSOLUTE
    ../clib/microlib/init/entry.s            0x00000000   Number         0  entry5.o ABSOLUTE
    ../clib/microlib/init/entry.s            0x00000000   Number         0  entry2.o ABSOLUTE
    Library\ADC.c                            0x00000000   Number         0  adc.o ABSOLUTE
    Library\GPIO.c                           0x00000000   Number         0  gpio.o ABSOLUTE
    Library\HM10.c                           0x00000000   Number         0  hm10.o ABSOLUTE
    Library\Serial.c                         0x00000000   Number         0  serial.o ABSOLUTE
    Library\Timer.c                          0x00000000   Number         0  timer.o ABSOLUTE
    Library\Ultrasonic.c                     0x00000000   Number         0  ultrasonic.o ABSOLUTE
    Library\Wait.c                           0x00000000   Number         0  wait.o ABSOLUTE
    Library\\ADC.c                           0x00000000   Number         0  adc.o ABSOLUTE
    Library\\GPIO.c                          0x00000000   Number         0  gpio.o ABSOLUTE
    Library\\HM10.c                          0x00000000   Number         0  hm10.o ABSOLUTE
    Library\\Serial.c                        0x00000000   Number         0  serial.o ABSOLUTE
    Library\\Timer.c                         0x00000000   Number         0  timer.o ABSOLUTE
    Library\\Ultrasonic.c                    0x00000000   Number         0  ultrasonic.o ABSOLUTE
    Library\\Wait.c                          0x00000000   Number         0  wait.o ABSOLUTE
    RTE\Device\LPC4088FET208\startup_LPC407x_8x_177x_8x.s 0x00000000   Number         0  startup_lpc407x_8x_177x_8x.o ABSOLUTE
    RTE\Device\LPC4088FET208\system_LPC407x_8x_177x_8x.c 0x00000000   Number         0  system_lpc407x_8x_177x_8x.o ABSOLUTE
    RTE\\Device\\LPC4088FET208\\system_LPC407x_8x_177x_8x.c 0x00000000   Number         0  system_lpc407x_8x_177x_8x.o ABSOLUTE
    dc.s                                     0x00000000   Number         0  dc.o ABSOLUTE
    handlers.s                               0x00000000   Number         0  handlers.o ABSOLUTE
    init.s                                   0x00000000   Number         0  init.o ABSOLUTE
    main.c                                   0x00000000   Number         0  main.o ABSOLUTE
    main.c                                   0x00000000   Number         0  main.o ABSOLUTE
    .ARM.Collect$$$$00000000                 0x000000e4   Section        0  entry.o(.ARM.Collect$$$$00000000)
    .ARM.Collect$$$$00000001                 0x000000e4   Section        4  entry2.o(.ARM.Collect$$$$00000001)
    .ARM.Collect$$$$00000004                 0x000000e8   Section        4  entry5.o(.ARM.Collect$$$$00000004)
    .ARM.Collect$$$$00000008                 0x000000ec   Section        0  entry7b.o(.ARM.Collect$$$$00000008)
    .ARM.Collect$$$$0000000A                 0x000000ec   Section        0  entry8b.o(.ARM.Collect$$$$0000000A)
    .ARM.Collect$$$$0000000B                 0x000000ec   Section        8  entry9a.o(.ARM.Collect$$$$0000000B)
    .ARM.Collect$$$$0000000D                 0x000000f4   Section        0  entry10a.o(.ARM.Collect$$$$0000000D)
    .ARM.Collect$$$$0000000F                 0x000000f4   Section        0  entry11a.o(.ARM.Collect$$$$0000000F)
    .ARM.Collect$$$$00002712                 0x000000f4   Section        4  entry2.o(.ARM.Collect$$$$00002712)
    __lit__00000000                          0x000000f4   Data           4  entry2.o(.ARM.Collect$$$$00002712)
    .text                                    0x000000f8   Section       36  startup_lpc407x_8x_177x_8x.o(.text)
    $v0                                      0x000000f8   Number         0  startup_lpc407x_8x_177x_8x.o(.text)
    .text                                    0x0000011c   Section       36  init.o(.text)
    i.ADC_IRQHandler                         0x00000140   Section        0  adc.o(i.ADC_IRQHandler)
    i.ADC_Init                               0x0000016c   Section        0  adc.o(i.ADC_Init)
    i.ADC_Start                              0x0000020c   Section        0  adc.o(i.ADC_Start)
    i.HM10_ReadData                          0x00000228   Section        0  hm10.o(i.HM10_ReadData)
    i.Serial_ReadData                        0x00000240   Section        0  serial.o(i.Serial_ReadData)
    i.Serial_WriteData                       0x0000024c   Section        0  serial.o(i.Serial_WriteData)
    i.TIMER2_IRQHandler                      0x00000260   Section        0  ultrasonic.o(i.TIMER2_IRQHandler)
    i.UART3_IRQHandler                       0x000002ac   Section        0  hm10.o(i.UART3_IRQHandler)
    i.Ultrasonic_Init                        0x000002dc   Section        0  ultrasonic.o(i.Ultrasonic_Init)
    i.__scatterload_null                     0x000002f8   Section        2  handlers.o(i.__scatterload_null)
    .ARM.__at_0x02FC                         0x000002fc   Section        4  startup_lpc407x_8x_177x_8x.o(.ARM.__at_0x02FC)
    i.Serial_Init                            0x00000300   Section        0  serial.o(i.Serial_Init)
    i.SystemCoreClockUpdate                  0x000003f4   Section        0  system_lpc407x_8x_177x_8x.o(i.SystemCoreClockUpdate)
    i.SystemInit                             0x000006c8   Section        0  system_lpc407x_8x_177x_8x.o(i.SystemInit)
    i.TIMER3_IRQHandler                      0x000007b4   Section        0  ultrasonic.o(i.TIMER3_IRQHandler)
    i.Timer_Init                             0x00000808   Section        0  timer.o(i.Timer_Init)
    i.UART0_IRQHandler                       0x00000890   Section        0  serial.o(i.UART0_IRQHandler)
    i.Ultrasonic_Capture_Timer_Init          0x000008f0   Section        0  ultrasonic.o(i.Ultrasonic_Capture_Timer_Init)
    i.Ultrasonic_Start_Trigger_Timer         0x00000954   Section        0  ultrasonic.o(i.Ultrasonic_Start_Trigger_Timer)
    i.Ultrasonic_Trigger_Timer_Init          0x0000098c   Section        0  ultrasonic.o(i.Ultrasonic_Trigger_Timer_Init)
    i.__NVIC_EnableIRQ                       0x00000a2c   Section        0  ultrasonic.o(i.__NVIC_EnableIRQ)
    __NVIC_EnableIRQ                         0x00000a2d   Thumb Code    34  ultrasonic.o(i.__NVIC_EnableIRQ)
    i.__scatterload_copy                     0x00000a4e   Section       14  handlers.o(i.__scatterload_copy)
    i.__scatterload_zeroinit                 0x00000a5c   Section       14  handlers.o(i.__scatterload_zeroinit)
    i.fpu_init                               0x00000a6c   Section        0  system_lpc407x_8x_177x_8x.o(i.fpu_init)
    i.init                                   0x00000abc   Section        0  main.o(i.init)
    i.itoa                                   0x00000ad4   Section        0  main.o(i.itoa)
    i.main                                   0x00000b48   Section        0  main.o(i.main)
    i.ultrasonic_init                        0x00000b54   Section        0  main.o(i.ultrasonic_init)
    i.ultrasonic_update                      0x00000b68   Section        0  main.o(i.ultrasonic_update)
    i.update                                 0x00000bdc   Section        0  main.o(i.update)
    .data                                    0x10000000   Section        4  main.o(.data)
    .data                                    0x10000004   Section        9  serial.o(.data)
    .data                                    0x1000000d   Section        2  hm10.o(.data)
    .data                                    0x10000010   Section       19  ultrasonic.o(.data)
    .data                                    0x10000024   Section        5  adc.o(.data)
    .data                                    0x1000002c   Section       16  system_lpc407x_8x_177x_8x.o(.data)
    .bss                                     0x1000003c   Section       14  main.o(.bss)
    .bss                                     0x1000004a   Section      256  hm10.o(.bss)
    STACK                                    0x10000150   Section     1024  startup_lpc407x_8x_177x_8x.o(STACK)

    Global Symbols

    Symbol Name                              Value     Ov Type        Size  Object(Section)

    BuildAttributes$$THM_ISAv4$E$P$D$K$B$S$7EM$VFPi3$EXTD16$VFPS$VFMA$PE$A:L22UL41UL21$X:L11$S22US41US21$IEEE1$IW$USESV6$~STKCKD$USESV7$~SHL$OSPACE$EBA8$MICROLIB$REQ8$PRES8$EABIv2 0x00000000   Number         0  anon$$obj.o ABSOLUTE
    __ARM_use_no_argv                        0x00000000   Number         0  main.o ABSOLUTE
    __Vectors                                0x00000000   Data           4  startup_lpc407x_8x_177x_8x.o(RESET)
    __cpp_initialize__aeabi_                  - Undefined Weak Reference
    __cxa_finalize                            - Undefined Weak Reference
    __decompress                              - Undefined Weak Reference
    _clock_init                               - Undefined Weak Reference
    _microlib_exit                            - Undefined Weak Reference
    __main                                   0x000000e5   Thumb Code     0  entry.o(.ARM.Collect$$$$00000000)
    _main_stk                                0x000000e5   Thumb Code     0  entry2.o(.ARM.Collect$$$$00000001)
    _main_scatterload                        0x000000e9   Thumb Code     0  entry5.o(.ARM.Collect$$$$00000004)
    __main_after_scatterload                 0x000000ed   Thumb Code     0  entry5.o(.ARM.Collect$$$$00000004)
    _main_clock                              0x000000ed   Thumb Code     0  entry7b.o(.ARM.Collect$$$$00000008)
    _main_cpp_init                           0x000000ed   Thumb Code     0  entry8b.o(.ARM.Collect$$$$0000000A)
    _main_init                               0x000000ed   Thumb Code     0  entry9a.o(.ARM.Collect$$$$0000000B)
    __rt_final_cpp                           0x000000f5   Thumb Code     0  entry10a.o(.ARM.Collect$$$$0000000D)
    __rt_final_exit                          0x000000f5   Thumb Code     0  entry11a.o(.ARM.Collect$$$$0000000F)
    Reset_Handler                            0x000000f9   Thumb Code     8  startup_lpc407x_8x_177x_8x.o(.text)
    NMI_Handler                              0x00000101   Thumb Code     2  startup_lpc407x_8x_177x_8x.o(.text)
    HardFault_Handler                        0x00000103   Thumb Code     2  startup_lpc407x_8x_177x_8x.o(.text)
    MemManage_Handler                        0x00000105   Thumb Code     2  startup_lpc407x_8x_177x_8x.o(.text)
    BusFault_Handler                         0x00000107   Thumb Code     2  startup_lpc407x_8x_177x_8x.o(.text)
    UsageFault_Handler                       0x00000109   Thumb Code     2  startup_lpc407x_8x_177x_8x.o(.text)
    SVC_Handler                              0x0000010b   Thumb Code     2  startup_lpc407x_8x_177x_8x.o(.text)
    DebugMon_Handler                         0x0000010d   Thumb Code     2  startup_lpc407x_8x_177x_8x.o(.text)
    PendSV_Handler                           0x0000010f   Thumb Code     2  startup_lpc407x_8x_177x_8x.o(.text)
    SysTick_Handler                          0x00000111   Thumb Code     2  startup_lpc407x_8x_177x_8x.o(.text)
    BOD_IRQHandler                           0x00000113   Thumb Code     0  startup_lpc407x_8x_177x_8x.o(.text)
    CANActivity_IRQHandler                   0x00000113   Thumb Code     0  startup_lpc407x_8x_177x_8x.o(.text)
    CAN_IRQHandler                           0x00000113   Thumb Code     0  startup_lpc407x_8x_177x_8x.o(.text)
    DMA_IRQHandler                           0x00000113   Thumb Code     0  startup_lpc407x_8x_177x_8x.o(.text)
    EEPROM_IRQHandler                        0x00000113   Thumb Code     0  startup_lpc407x_8x_177x_8x.o(.text)
    EINT0_IRQHandler                         0x00000113   Thumb Code     0  startup_lpc407x_8x_177x_8x.o(.text)
    EINT1_IRQHandler                         0x00000113   Thumb Code     0  startup_lpc407x_8x_177x_8x.o(.text)
    EINT2_IRQHandler                         0x00000113   Thumb Code     0  startup_lpc407x_8x_177x_8x.o(.text)
    EINT3_IRQHandler                         0x00000113   Thumb Code     0  startup_lpc407x_8x_177x_8x.o(.text)
    ENET_IRQHandler                          0x00000113   Thumb Code     0  startup_lpc407x_8x_177x_8x.o(.text)
    GPIO_IRQHandler                          0x00000113   Thumb Code     0  startup_lpc407x_8x_177x_8x.o(.text)
    I2C0_IRQHandler                          0x00000113   Thumb Code     0  startup_lpc407x_8x_177x_8x.o(.text)
    I2C1_IRQHandler                          0x00000113   Thumb Code     0  startup_lpc407x_8x_177x_8x.o(.text)
    I2C2_IRQHandler                          0x00000113   Thumb Code     0  startup_lpc407x_8x_177x_8x.o(.text)
    I2S_IRQHandler                           0x00000113   Thumb Code     0  startup_lpc407x_8x_177x_8x.o(.text)
    LCD_IRQHandler                           0x00000113   Thumb Code     0  startup_lpc407x_8x_177x_8x.o(.text)
    MCI_IRQHandler                           0x00000113   Thumb Code     0  startup_lpc407x_8x_177x_8x.o(.text)
    MCPWM_IRQHandler                         0x00000113   Thumb Code     0  startup_lpc407x_8x_177x_8x.o(.text)
    PLL0_IRQHandler                          0x00000113   Thumb Code     0  startup_lpc407x_8x_177x_8x.o(.text)
    PLL1_IRQHandler                          0x00000113   Thumb Code     0  startup_lpc407x_8x_177x_8x.o(.text)
    PWM0_IRQHandler                          0x00000113   Thumb Code     0  startup_lpc407x_8x_177x_8x.o(.text)
    PWM1_IRQHandler                          0x00000113   Thumb Code     0  startup_lpc407x_8x_177x_8x.o(.text)
    QEI_IRQHandler                           0x00000113   Thumb Code     0  startup_lpc407x_8x_177x_8x.o(.text)
    RTC_IRQHandler                           0x00000113   Thumb Code     0  startup_lpc407x_8x_177x_8x.o(.text)
    SSP0_IRQHandler                          0x00000113   Thumb Code     0  startup_lpc407x_8x_177x_8x.o(.text)
    SSP1_IRQHandler                          0x00000113   Thumb Code     0  startup_lpc407x_8x_177x_8x.o(.text)
    SSP2_IRQHandler                          0x00000113   Thumb Code     0  startup_lpc407x_8x_177x_8x.o(.text)
    TIMER0_IRQHandler                        0x00000113   Thumb Code     0  startup_lpc407x_8x_177x_8x.o(.text)
    TIMER1_IRQHandler                        0x00000113   Thumb Code     0  startup_lpc407x_8x_177x_8x.o(.text)
    UART1_IRQHandler                         0x00000113   Thumb Code     0  startup_lpc407x_8x_177x_8x.o(.text)
    UART2_IRQHandler                         0x00000113   Thumb Code     0  startup_lpc407x_8x_177x_8x.o(.text)
    UART4_IRQHandler                         0x00000113   Thumb Code     0  startup_lpc407x_8x_177x_8x.o(.text)
    USBActivity_IRQHandler                   0x00000113   Thumb Code     0  startup_lpc407x_8x_177x_8x.o(.text)
    USB_IRQHandler                           0x00000113   Thumb Code     0  startup_lpc407x_8x_177x_8x.o(.text)
    WDT_IRQHandler                           0x00000113   Thumb Code     0  startup_lpc407x_8x_177x_8x.o(.text)
    __scatterload                            0x0000011d   Thumb Code    28  init.o(.text)
    __scatterload_rt2                        0x0000011d   Thumb Code     0  init.o(.text)
    ADC_IRQHandler                           0x00000141   Thumb Code    32  adc.o(i.ADC_IRQHandler)
    ADC_Init                                 0x0000016d   Thumb Code   148  adc.o(i.ADC_Init)
    ADC_Start                                0x0000020d   Thumb Code    24  adc.o(i.ADC_Start)
    HM10_ReadData                            0x00000229   Thumb Code    20  hm10.o(i.HM10_ReadData)
    Serial_ReadData                          0x00000241   Thumb Code     6  serial.o(i.Serial_ReadData)
    Serial_WriteData                         0x0000024d   Thumb Code    12  serial.o(i.Serial_WriteData)
    TIMER2_IRQHandler                        0x00000261   Thumb Code    68  ultrasonic.o(i.TIMER2_IRQHandler)
    UART3_IRQHandler                         0x000002ad   Thumb Code    34  hm10.o(i.UART3_IRQHandler)
    Ultrasonic_Init                          0x000002dd   Thumb Code    24  ultrasonic.o(i.Ultrasonic_Init)
    __scatterload_null                       0x000002f9   Thumb Code     2  handlers.o(i.__scatterload_null)
    Serial_Init                              0x00000301   Thumb Code   222  serial.o(i.Serial_Init)
    SystemCoreClockUpdate                    0x000003f5   Thumb Code   696  system_lpc407x_8x_177x_8x.o(i.SystemCoreClockUpdate)
    SystemInit                               0x000006c9   Thumb Code   220  system_lpc407x_8x_177x_8x.o(i.SystemInit)
    TIMER3_IRQHandler                        0x000007b5   Thumb Code    64  ultrasonic.o(i.TIMER3_IRQHandler)
    Timer_Init                               0x00000809   Thumb Code   124  timer.o(i.Timer_Init)
    UART0_IRQHandler                         0x00000891   Thumb Code    74  serial.o(i.UART0_IRQHandler)
    Ultrasonic_Capture_Timer_Init            0x000008f1   Thumb Code    92  ultrasonic.o(i.Ultrasonic_Capture_Timer_Init)
    Ultrasonic_Start_Trigger_Timer           0x00000955   Thumb Code    52  ultrasonic.o(i.Ultrasonic_Start_Trigger_Timer)
    Ultrasonic_Trigger_Timer_Init            0x0000098d   Thumb Code   140  ultrasonic.o(i.Ultrasonic_Trigger_Timer_Init)
    __scatterload_copy                       0x00000a4f   Thumb Code    14  handlers.o(i.__scatterload_copy)
    __scatterload_zeroinit                   0x00000a5d   Thumb Code    14  handlers.o(i.__scatterload_zeroinit)
    fpu_init                                 0x00000a6d   Thumb Code    62  system_lpc407x_8x_177x_8x.o(i.fpu_init)
    init                                     0x00000abd   Thumb Code    24  main.o(i.init)
    itoa                                     0x00000ad5   Thumb Code   112  main.o(i.itoa)
    main                                     0x00000b49   Thumb Code    12  main.o(i.main)
    ultrasonic_init                          0x00000b55   Thumb Code    20  main.o(i.ultrasonic_init)
    ultrasonic_update                        0x00000b69   Thumb Code    86  main.o(i.ultrasonic_update)
    update                                   0x00000bdd   Thumb Code     8  main.o(i.update)
    Region$$Table$$Base                      0x00000be4   Number         0  anon$$obj.o(Region$$Table)
    Region$$Table$$Limit                     0x00000c04   Number         0  anon$$obj.o(Region$$Table)
    time                                     0x10000000   Data           4  main.o(.data)
    serialReceivedCharacter                  0x10000004   Data           1  serial.o(.data)
    serialNewDataAvailable                   0x10000005   Data           1  serial.o(.data)
    serialTransmitData                       0x10000008   Data           4  serial.o(.data)
    serialTransmitCompleted                  0x1000000c   Data           1  serial.o(.data)
    HM10CurrentBufferIndex                   0x1000000d   Data           1  hm10.o(.data)
    HM10NewDataAvailable                     0x1000000e   Data           1  hm10.o(.data)
    ultrasonicSensorRisingCaptureTime        0x10000010   Data           4  ultrasonic.o(.data)
    ultrasonicSensorFallingCaptureTime       0x10000014   Data           4  ultrasonic.o(.data)
    ultrasonicSensorDuration                 0x10000018   Data           4  ultrasonic.o(.data)
    ultrasonicSensorDistance                 0x1000001c   Data           4  ultrasonic.o(.data)
    ultrasonicSensorNewDataAvailable         0x10000020   Data           1  ultrasonic.o(.data)
    ultrasonicSensorTriggerStart             0x10000021   Data           1  ultrasonic.o(.data)
    ultrasonicSensorCaptureRisingEdge        0x10000022   Data           1  ultrasonic.o(.data)
    ADC_Last                                 0x10000024   Data           4  adc.o(.data)
    ADC_New_Data_Available                   0x10000028   Data           1  adc.o(.data)
    SystemCoreClock                          0x1000002c   Data           4  system_lpc407x_8x_177x_8x.o(.data)
    PeripheralClock                          0x10000030   Data           4  system_lpc407x_8x_177x_8x.o(.data)
    EMCClock                                 0x10000034   Data           4  system_lpc407x_8x_177x_8x.o(.data)
    USBClock                                 0x10000038   Data           4  system_lpc407x_8x_177x_8x.o(.data)
    c                                        0x1000003c   Data          14  main.o(.bss)
    HM10Buffer                               0x1000004a   Data         256  hm10.o(.bss)
    __initial_sp                             0x10000550   Data           0  startup_lpc407x_8x_177x_8x.o(STACK)



==============================================================================

Memory Map of the image

  Image Entry point : 0x000000f9

  Load Region LR_1 (Base: 0x00000000, Size: 0x00000c40, Max: 0xffffffff, ABSOLUTE)

    Execution Region ER_RO (Exec base: 0x00000000, Load base: 0x00000000, Size: 0x00000c04, Max: 0xffffffff, ABSOLUTE)

    Exec Addr    Load Addr    Size         Type   Attr      Idx    E Section Name        Object

    0x00000000   0x00000000   0x000000e4   Data   RO          530    RESET               startup_lpc407x_8x_177x_8x.o
    0x000000e4   0x000000e4   0x00000000   Code   RO          580  * .ARM.Collect$$$$00000000  mc_w.l(entry.o)
    0x000000e4   0x000000e4   0x00000004   Code   RO          583    .ARM.Collect$$$$00000001  mc_w.l(entry2.o)
    0x000000e8   0x000000e8   0x00000004   Code   RO          586    .ARM.Collect$$$$00000004  mc_w.l(entry5.o)
    0x000000ec   0x000000ec   0x00000000   Code   RO          588    .ARM.Collect$$$$00000008  mc_w.l(entry7b.o)
    0x000000ec   0x000000ec   0x00000000   Code   RO          590    .ARM.Collect$$$$0000000A  mc_w.l(entry8b.o)
    0x000000ec   0x000000ec   0x00000008   Code   RO          591    .ARM.Collect$$$$0000000B  mc_w.l(entry9a.o)
    0x000000f4   0x000000f4   0x00000000   Code   RO          593    .ARM.Collect$$$$0000000D  mc_w.l(entry10a.o)
    0x000000f4   0x000000f4   0x00000000   Code   RO          595    .ARM.Collect$$$$0000000F  mc_w.l(entry11a.o)
    0x000000f4   0x000000f4   0x00000004   Code   RO          584    .ARM.Collect$$$$00002712  mc_w.l(entry2.o)
    0x000000f8   0x000000f8   0x00000024   Code   RO          532  * .text               startup_lpc407x_8x_177x_8x.o
    0x0000011c   0x0000011c   0x00000024   Code   RO          597    .text               mc_w.l(init.o)
    0x00000140   0x00000140   0x0000002c   Code   RO          460    i.ADC_IRQHandler    adc.o
    0x0000016c   0x0000016c   0x000000a0   Code   RO          461    i.ADC_Init          adc.o
    0x0000020c   0x0000020c   0x0000001c   Code   RO          462    i.ADC_Start         adc.o
    0x00000228   0x00000228   0x00000018   Code   RO          176    i.HM10_ReadData     hm10.o
    0x00000240   0x00000240   0x0000000c   Code   RO          120    i.Serial_ReadData   serial.o
    0x0000024c   0x0000024c   0x00000014   Code   RO          121    i.Serial_WriteData  serial.o
    0x00000260   0x00000260   0x0000004c   Code   RO          354    i.TIMER2_IRQHandler  ultrasonic.o
    0x000002ac   0x000002ac   0x00000030   Code   RO          180    i.UART3_IRQHandler  hm10.o
    0x000002dc   0x000002dc   0x0000001c   Code   RO          357    i.Ultrasonic_Init   ultrasonic.o
    0x000002f8   0x000002f8   0x00000002   Code   RO          602    i.__scatterload_null  mc_w.l(handlers.o)
    0x000002fa   0x000002fa   0x00000002   PAD
    0x000002fc   0x000002fc   0x00000004   Code   RO          531    .ARM.__at_0x02FC    startup_lpc407x_8x_177x_8x.o
    0x00000300   0x00000300   0x000000f4   Code   RO          119    i.Serial_Init       serial.o
    0x000003f4   0x000003f4   0x000002d4   Code   RO          541    i.SystemCoreClockUpdate  system_lpc407x_8x_177x_8x.o
    0x000006c8   0x000006c8   0x000000ec   Code   RO          542    i.SystemInit        system_lpc407x_8x_177x_8x.o
    0x000007b4   0x000007b4   0x00000054   Code   RO          355    i.TIMER3_IRQHandler  ultrasonic.o
    0x00000808   0x00000808   0x00000088   Code   RO          507    i.Timer_Init        timer.o
    0x00000890   0x00000890   0x00000060   Code   RO          122    i.UART0_IRQHandler  serial.o
    0x000008f0   0x000008f0   0x00000064   Code   RO          356    i.Ultrasonic_Capture_Timer_Init  ultrasonic.o
    0x00000954   0x00000954   0x00000038   Code   RO          358    i.Ultrasonic_Start_Trigger_Timer  ultrasonic.o
    0x0000098c   0x0000098c   0x000000a0   Code   RO          359    i.Ultrasonic_Trigger_Timer_Init  ultrasonic.o
    0x00000a2c   0x00000a2c   0x00000022   Code   RO          360    i.__NVIC_EnableIRQ  ultrasonic.o
    0x00000a4e   0x00000a4e   0x0000000e   Code   RO          601    i.__scatterload_copy  mc_w.l(handlers.o)
    0x00000a5c   0x00000a5c   0x0000000e   Code   RO          603    i.__scatterload_zeroinit  mc_w.l(handlers.o)
    0x00000a6a   0x00000a6a   0x00000002   PAD
    0x00000a6c   0x00000a6c   0x00000050   Code   RO          543    i.fpu_init          system_lpc407x_8x_177x_8x.o
    0x00000abc   0x00000abc   0x00000018   Code   RO            4    i.init              main.o
    0x00000ad4   0x00000ad4   0x00000074   Code   RO            5    i.itoa              main.o
    0x00000b48   0x00000b48   0x0000000c   Code   RO            6    i.main              main.o
    0x00000b54   0x00000b54   0x00000014   Code   RO            7    i.ultrasonic_init   main.o
    0x00000b68   0x00000b68   0x00000074   Code   RO            8    i.ultrasonic_update  main.o
    0x00000bdc   0x00000bdc   0x00000008   Code   RO            9    i.update            main.o
    0x00000be4   0x00000be4   0x00000020   Data   RO          599    Region$$Table       anon$$obj.o


    Execution Region ER_RW (Exec base: 0x10000000, Load base: 0x00000c04, Size: 0x0000003c, Max: 0xffffffff, ABSOLUTE)

    Exec Addr    Load Addr    Size         Type   Attr      Idx    E Section Name        Object

    0x10000000   0x00000c04   0x00000004   Data   RW           11    .data               main.o
    0x10000004   0x00000c08   0x00000009   Data   RW          123    .data               serial.o
    0x1000000d   0x00000c11   0x00000002   Data   RW          182    .data               hm10.o
    0x1000000f   0x00000c13   0x00000001   PAD
    0x10000010   0x00000c14   0x00000013   Data   RW          361    .data               ultrasonic.o
    0x10000023   0x00000c27   0x00000001   PAD
    0x10000024   0x00000c28   0x00000005   Data   RW          463    .data               adc.o
    0x10000029   0x00000c2d   0x00000003   PAD
    0x1000002c   0x00000c30   0x00000010   Data   RW          544    .data               system_lpc407x_8x_177x_8x.o


    Execution Region ER_ZI (Exec base: 0x1000003c, Load base: 0x00000c40, Size: 0x00000514, Max: 0xffffffff, ABSOLUTE)

    Exec Addr    Load Addr    Size         Type   Attr      Idx    E Section Name        Object

    0x1000003c        -       0x0000000e   Zero   RW           10    .bss                main.o
    0x1000004a        -       0x00000100   Zero   RW          181    .bss                hm10.o
    0x1000014a   0x00000c40   0x00000006   PAD
    0x10000150        -       0x00000400   Zero   RW          528    STACK               startup_lpc407x_8x_177x_8x.o


==============================================================================

Image component sizes


      Code (inc. data)   RO Data    RW Data    ZI Data      Debug   Object Name

       232         28          0          5          0       1774   adc.o
        72         18          0          2        256      31643   hm10.o
       296         34          0          4         14      30521   main.o
       372         58          0          9          0      32869   serial.o
        40         12        228          0       1024       1104   startup_lpc407x_8x_177x_8x.o
      1040         62          0         16          0       4620   system_lpc407x_8x_177x_8x.o
       136         12          0          0          0        477   timer.o
       538         64          0         19          0      34587   ultrasonic.o

    ----------------------------------------------------------------------
      2726        288        260         60       1300     137595   Object Totals
         0          0         32          0          0          0   (incl. Generated)
         0          0          0          5          6          0   (incl. Padding)

    ----------------------------------------------------------------------

      Code (inc. data)   RO Data    RW Data    ZI Data      Debug   Library Member Name

         0          0          0          0          0          0   entry.o
         0          0          0          0          0          0   entry10a.o
         0          0          0          0          0          0   entry11a.o
         8          4          0          0          0          0   entry2.o
         4          0          0          0          0          0   entry5.o
         0          0          0          0          0          0   entry7b.o
         0          0          0          0          0          0   entry8b.o
         8          4          0          0          0          0   entry9a.o
        30          0          0          0          0          0   handlers.o
        36          8          0          0          0         68   init.o

    ----------------------------------------------------------------------
        90         16          0          0          0         68   Library Totals
         4          0          0          0          0          0   (incl. Padding)

    ----------------------------------------------------------------------

      Code (inc. data)   RO Data    RW Data    ZI Data      Debug   Library Name

        86         16          0          0          0         68   mc_w.l

    ----------------------------------------------------------------------
        90         16          0          0          0         68   Library Totals

    ----------------------------------------------------------------------

==============================================================================


      Code (inc. data)   RO Data    RW Data    ZI Data      Debug   

      2816        304        260         60       1300     135767   Grand Totals
      2816        304        260         60       1300     135767   ELF Image Totals
      2816        304        260         60          0          0   ROM Totals

==============================================================================

    Total RO  Size (Code + RO Data)                 3076 (   3.00kB)
    Total RW  Size (RW Data + ZI Data)              1360 (   1.33kB)
    Total ROM Size (Code + RO Data + RW Data)       3136 (   3.06kB)

==============================================================================

